Component: Arm Compiler for Embedded 6.19 Tool: armlink [5e73cb00]

==============================================================================

Section Cross References

    startup_stm32f446xx.o(STACK) refers (Special) to heapauxi.o(.text) for __use_two_region_memory
    startup_stm32f446xx.o(HEAP) refers (Special) to heapauxi.o(.text) for __use_two_region_memory
    startup_stm32f446xx.o(RESET) refers (Special) to heapauxi.o(.text) for __use_two_region_memory
    startup_stm32f446xx.o(RESET) refers to startup_stm32f446xx.o(STACK) for __initial_sp
    startup_stm32f446xx.o(RESET) refers to startup_stm32f446xx.o(.text) for Reset_Handler
    startup_stm32f446xx.o(RESET) refers to stm32f4xx_it.o(.text.NMI_Handler) for NMI_Handler
    startup_stm32f446xx.o(RESET) refers to stm32f4xx_it.o(.text.HardFault_Handler) for HardFault_Handler
    startup_stm32f446xx.o(RESET) refers to stm32f4xx_it.o(.text.MemManage_Handler) for MemManage_Handler
    startup_stm32f446xx.o(RESET) refers to stm32f4xx_it.o(.text.BusFault_Handler) for BusFault_Handler
    startup_stm32f446xx.o(RESET) refers to stm32f4xx_it.o(.text.UsageFault_Handler) for UsageFault_Handler
    startup_stm32f446xx.o(RESET) refers to stm32f4xx_it.o(.text.SVC_Handler) for SVC_Handler
    startup_stm32f446xx.o(RESET) refers to stm32f4xx_it.o(.text.DebugMon_Handler) for DebugMon_Handler
    startup_stm32f446xx.o(RESET) refers to stm32f4xx_it.o(.text.PendSV_Handler) for PendSV_Handler
    startup_stm32f446xx.o(RESET) refers to stm32f4xx_it.o(.text.SysTick_Handler) for SysTick_Handler
    startup_stm32f446xx.o(RESET) refers to stm32f4xx_it.o(.text.TIM2_IRQHandler) for TIM2_IRQHandler
    startup_stm32f446xx.o(.text) refers (Special) to heapauxi.o(.text) for __use_two_region_memory
    startup_stm32f446xx.o(.text) refers to system_stm32f4xx.o(.text.SystemInit) for SystemInit
    startup_stm32f446xx.o(.text) refers to __main.o(!!!main) for __main
    startup_stm32f446xx.o(.text) refers to startup_stm32f446xx.o(HEAP) for Heap_Mem
    startup_stm32f446xx.o(.text) refers to startup_stm32f446xx.o(STACK) for Stack_Mem
    main.o(.text.main) refers to stm32f4xx_hal.o(.text.HAL_Init) for HAL_Init
    main.o(.text.main) refers to main.o(.text.SystemClock_Config) for SystemClock_Config
    main.o(.text.main) refers to stm32f4xx_hal_gpio.o(.text.HAL_GPIO_WritePin) for HAL_GPIO_WritePin
    main.o(.text.main) refers to stm32f4xx_hal_gpio.o(.text.HAL_GPIO_Init) for HAL_GPIO_Init
    main.o(.text.main) refers to main.o(.bss.htim2) for htim2
    main.o(.text.main) refers to stm32f4xx_hal_tim.o(.text.HAL_TIM_Base_Init) for HAL_TIM_Base_Init
    main.o(.text.main) refers to stm32f4xx_hal_tim.o(.text.HAL_TIM_ConfigClockSource) for HAL_TIM_ConfigClockSource
    main.o(.text.main) refers to stm32f4xx_hal_tim.o(.text.HAL_TIM_PWM_Init) for HAL_TIM_PWM_Init
    main.o(.text.main) refers to stm32f4xx_hal_tim_ex.o(.text.HAL_TIMEx_MasterConfigSynchronization) for HAL_TIMEx_MasterConfigSynchronization
    main.o(.text.main) refers to stm32f4xx_hal_tim.o(.text.HAL_TIM_PWM_ConfigChannel) for HAL_TIM_PWM_ConfigChannel
    main.o(.text.main) refers to stm32f4xx_hal_msp.o(.text.HAL_TIM_MspPostInit) for HAL_TIM_MspPostInit
    main.o(.text.main) refers to main.o(.bss.htim6) for htim6
    main.o(.text.main) refers to main.o(.bss..L_MergedGlobals) for .L_MergedGlobals
    main.o(.text.main) refers to stm32f4xx_hal_usart.o(.text.HAL_USART_Init) for HAL_USART_Init
    main.o(.text.main) refers to main.o(.bss.hpcd_USB_OTG_FS) for hpcd_USB_OTG_FS
    main.o(.text.main) refers to stm32f4xx_hal_pcd.o(.text.HAL_PCD_Init) for HAL_PCD_Init
    main.o(.text.main) refers to stm32f4xx_hal_usart.o(.text.HAL_USART_Transmit) for HAL_USART_Transmit
    main.o(.text.main) refers to stm32f4xx_hal_tim.o(.text.HAL_TIM_PWM_Start) for HAL_TIM_PWM_Start
    main.o(.text.main) refers to stm32f4xx_hal.o(.text.HAL_Delay) for HAL_Delay
    main.o(.text.main) refers to stm32f4xx_hal_tim.o(.text.HAL_TIM_Base_Start) for HAL_TIM_Base_Start
    main.o(.text.main) refers to dflt_clz.o(x$fpl$dfltu) for __aeabi_ui2d
    main.o(.text.main) refers to ddiv.o(x$fpl$ddiv) for __aeabi_ddiv
    main.o(.text.main) refers to d2f.o(x$fpl$d2f) for __aeabi_d2f
    main.o(.text.main) refers to f2d.o(x$fpl$f2d) for __aeabi_f2d
    main.o(.text.main) refers to sin.o(i.__hardfp_sin) for __hardfp_sin
    main.o(.text.main) refers to dmul.o(x$fpl$dmul) for __aeabi_dmul
    main.o(.text.main) refers to asin.o(i.__hardfp_asin) for __hardfp_asin
    main.o(.text.main) refers to round.o(i.__hardfp_round) for __hardfp_round
    main.o(.text.main) refers to dfix.o(x$fpl$dfix) for __aeabi_d2iz
    main.o(.text.main) refers to dflt_clz.o(x$fpl$dflt) for __aeabi_i2d
    main.o(.text.main) refers to stm32f4xx_hal_gpio.o(.text.HAL_GPIO_ReadPin) for HAL_GPIO_ReadPin
    main.o(.ARM.exidx.text.main) refers to main.o(.text.main) for [Anonymous Symbol]
[...]
    ../clib/signal.s                         0x00000000   Number         0  defsig.o ABSOLUTE
    ../clib/stdlib.c                         0x00000000   Number         0  exit.o ABSOLUTE
    ../clib/string.c                         0x00000000   Number         0  strlen.o ABSOLUTE
    ../fplib/basic.s                         0x00000000   Number         0  basic.o ABSOLUTE
    ../fplib/d2f.s                           0x00000000   Number         0  d2f.o ABSOLUTE
    ../fplib/daddsub.s                       0x00000000   Number         0  daddsub_clz.o ABSOLUTE
    ../fplib/dcmpi.s                         0x00000000   Number         0  dcmpi.o ABSOLUTE
    ../fplib/ddiv.s                          0x00000000   Number         0  ddiv.o ABSOLUTE
    ../fplib/dfix.s                          0x00000000   Number         0  dfix.o ABSOLUTE
    ../fplib/dflt.s                          0x00000000   Number         0  dflt_clz.o ABSOLUTE
    ../fplib/dleqf.s                         0x00000000   Number         0  dleqf.o ABSOLUTE
    ../fplib/dmul.s                          0x00000000   Number         0  dmul.o ABSOLUTE
    ../fplib/dnaninf.s                       0x00000000   Number         0  dnaninf.o ABSOLUTE
    ../fplib/dretinf.s                       0x00000000   Number         0  dretinf.o ABSOLUTE
    ../fplib/drleqf.s                        0x00000000   Number         0  drleqf.o ABSOLUTE
    ../fplib/drnd.s                          0x00000000   Number         0  drnd.o ABSOLUTE
    ../fplib/dsqrt.s                         0x00000000   Number         0  dsqrt_umaal.o ABSOLUTE
    ../fplib/f2d.s                           0x00000000   Number         0  f2d.o ABSOLUTE
    ../fplib/fnaninf.s                       0x00000000   Number         0  fnaninf.o ABSOLUTE
    ../fplib/fpinit.s                        0x00000000   Number         0  fpinit.o ABSOLUTE
    ../fplib/fretinf.s                       0x00000000   Number         0  fretinf.o ABSOLUTE
    ../fplib/usenofp.s                       0x00000000   Number         0  usenofp.o ABSOLUTE
    ../mathlib/asin.c                        0x00000000   Number         0  asin.o ABSOLUTE
    ../mathlib/cos_i.c                       0x00000000   Number         0  cos_i.o ABSOLUTE
    ../mathlib/dunder.c                      0x00000000   Number         0  dunder.o ABSOLUTE
    ../mathlib/fabs.c                        0x00000000   Number         0  fabs.o ABSOLUTE
    ../mathlib/fpclassify.c                  0x00000000   Number         0  fpclassify.o ABSOLUTE
    ../mathlib/poly.c                        0x00000000   Number         0  poly.o ABSOLUTE
    ../mathlib/round.c                       0x00000000   Number         0  round.o ABSOLUTE
    ../mathlib/rred.c                        0x00000000   Number         0  rred.o ABSOLUTE
    ../mathlib/sin.c                         0x00000000   Number         0  sin.o ABSOLUTE
    ../mathlib/sin_i.c                       0x00000000   Number         0  sin_i.o ABSOLUTE
    ../mathlib/sqrt.c                        0x00000000   Number         0  sqrt.o ABSOLUTE
    dc.s                                     0x00000000   Number         0  dc.o ABSOLUTE
    main.c                                   0x00000000   Number         0  main.o ABSOLUTE
    startup_stm32f446xx.s                    0x00000000   Number         0  startup_stm32f446xx.o ABSOLUTE
    stm32f4xx_hal.c                          0x00000000   Number         0  stm32f4xx_hal.o ABSOLUTE
    stm32f4xx_hal_cortex.c                   0x00000000   Number         0  stm32f4xx_hal_cortex.o ABSOLUTE
    stm32f4xx_hal_dma.c                      0x00000000   Number         0  stm32f4xx_hal_dma.o ABSOLUTE
    stm32f4xx_hal_dma_ex.c                   0x00000000   Number         0  stm32f4xx_hal_dma_ex.o ABSOLUTE
    stm32f4xx_hal_exti.c                     0x00000000   Number         0  stm32f4xx_hal_exti.o ABSOLUTE
    stm32f4xx_hal_flash.c                    0x00000000   Number         0  stm32f4xx_hal_flash.o ABSOLUTE
    stm32f4xx_hal_flash_ex.c                 0x00000000   Number         0  stm32f4xx_hal_flash_ex.o ABSOLUTE
    stm32f4xx_hal_flash_ramfunc.c            0x00000000   Number         0  stm32f4xx_hal_flash_ramfunc.o ABSOLUTE
    stm32f4xx_hal_gpio.c                     0x00000000   Number         0  stm32f4xx_hal_gpio.o ABSOLUTE
    stm32f4xx_hal_msp.c                      0x00000000   Number         0  stm32f4xx_hal_msp.o ABSOLUTE
    stm32f4xx_hal_pcd.c                      0x00000000   Number         0  stm32f4xx_hal_pcd.o ABSOLUTE
    stm32f4xx_hal_pcd_ex.c                   0x00000000   Number         0  stm32f4xx_hal_pcd_ex.o ABSOLUTE
    stm32f4xx_hal_pwr.c                      0x00000000   Number         0  stm32f4xx_hal_pwr.o ABSOLUTE
    stm32f4xx_hal_pwr_ex.c                   0x00000000   Number         0  stm32f4xx_hal_pwr_ex.o ABSOLUTE
    stm32f4xx_hal_rcc.c                      0x00000000   Number         0  stm32f4xx_hal_rcc.o ABSOLUTE
    stm32f4xx_hal_rcc_ex.c                   0x00000000   Number         0  stm32f4xx_hal_rcc_ex.o ABSOLUTE
    stm32f4xx_hal_tim.c                      0x00000000   Number         0  stm32f4xx_hal_tim.o ABSOLUTE
    stm32f4xx_hal_tim_ex.c                   0x00000000   Number         0  stm32f4xx_hal_tim_ex.o ABSOLUTE
    stm32f4xx_hal_usart.c                    0x00000000   Number         0  stm32f4xx_hal_usart.o ABSOLUTE
    stm32f4xx_it.c                           0x00000000   Number         0  stm32f4xx_it.o ABSOLUTE
    stm32f4xx_ll_usb.c                       0x00000000   Number         0  stm32f4xx_ll_usb.o ABSOLUTE
    system_stm32f4xx.c                       0x00000000   Number         0  system_stm32f4xx.o ABSOLUTE
    RESET                                    0x08000000   Section      452  startup_stm32f446xx.o(RESET)
    !!!main                                  0x080001c4   Section        8  __main.o(!!!main)
    !!!scatter                               0x080001cc   Section       52  __scatter.o(!!!scatter)
    !!handler_copy                           0x08000200   Section       26  __scatter_copy.o(!!handler_copy)
    !!handler_zi                             0x0800021c   Section       28  __scatter_zi.o(!!handler_zi)
    .ARM.Collect$$libinit$$00000000          0x08000238   Section        2  libinit.o(.ARM.Collect$$libinit$$00000000)
    .ARM.Collect$$libinit$$00000001          0x0800023a   Section        4  libinit2.o(.ARM.Collect$$libinit$$00000001)
    .ARM.Collect$$libinit$$00000004          0x0800023e   Section        0  libinit2.o(.ARM.Collect$$libinit$$00000004)
    .ARM.Collect$$libinit$$00000006          0x0800023e   Section        0  libinit2.o(.ARM.Collect$$libinit$$00000006)
    .ARM.Collect$$libinit$$0000000C          0x0800023e   Section        0  libinit2.o(.ARM.Collect$$libinit$$0000000C)
    .ARM.Collect$$libinit$$0000000E          0x0800023e   Section        0  libinit2.o(.ARM.Collect$$libinit$$0000000E)
    .ARM.Collect$$libinit$$00000010          0x0800023e   Section        0  libinit2.o(.ARM.Collect$$libinit$$00000010)
    .ARM.Collect$$libinit$$00000013          0x0800023e   Section        0  libinit2.o(.ARM.Collect$$libinit$$00000013)
    .ARM.Collect$$libinit$$00000015          0x0800023e   Section        0  libinit2.o(.ARM.Collect$$libinit$$00000015)
    .ARM.Collect$$libinit$$00000017          0x0800023e   Section        0  libinit2.o(.ARM.Collect$$libinit$$00000017)
    .ARM.Collect$$libinit$$00000019          0x0800023e   Section        0  libinit2.o(.ARM.Collect$$libinit$$00000019)
    .ARM.Collect$$libinit$$0000001B          0x0800023e   Section        0  libinit2.o(.ARM.Collect$$libinit$$0000001B)
    .ARM.Collect$$libinit$$0000001D          0x0800023e   Section        0  libinit2.o(.ARM.Collect$$libinit$$0000001D)
    .ARM.Collect$$libinit$$0000001F          0x0800023e   Section        0  libinit2.o(.ARM.Collect$$libinit$$0000001F)
    .ARM.Collect$$libinit$$00000021          0x0800023e   Section        0  libinit2.o(.ARM.Collect$$libinit$$00000021)
    .ARM.Collect$$libinit$$00000023          0x0800023e   Section        0  libinit2.o(.ARM.Collect$$libinit$$00000023)
    .ARM.Collect$$libinit$$00000025          0x0800023e   Section        0  libinit2.o(.ARM.Collect$$libinit$$00000025)
    .ARM.Collect$$libinit$$00000027          0x0800023e   Section        0  libinit2.o(.ARM.Collect$$libinit$$00000027)
    .ARM.Collect$$libinit$$0000002E          0x0800023e   Section        0  libinit2.o(.ARM.Collect$$libinit$$0000002E)
    .ARM.Collect$$libinit$$00000030          0x0800023e   Section        0  libinit2.o(.ARM.Collect$$libinit$$00000030)
    .ARM.Collect$$libinit$$00000032          0x0800023e   Section        0  libinit2.o(.ARM.Collect$$libinit$$00000032)
    .ARM.Collect$$libinit$$00000034          0x0800023e   Section        0  libinit2.o(.ARM.Collect$$libinit$$00000034)
    .ARM.Collect$$libinit$$00000035          0x0800023e   Section        2  libinit2.o(.ARM.Collect$$libinit$$00000035)
    .ARM.Collect$$libshutdown$$00000000      0x08000240   Section        2  libshutdown.o(.ARM.Collect$$libshutdown$$00000000)
    .ARM.Collect$$libshutdown$$00000002      0x08000242   Section        0  libshutdown2.o(.ARM.Collect$$libshutdown$$00000002)
    .ARM.Collect$$libshutdown$$00000004      0x08000242   Section        0  libshutdown2.o(.ARM.Collect$$libshutdown$$00000004)
    .ARM.Collect$$libshutdown$$00000007      0x08000242   Section        0  libshutdown2.o(.ARM.Collect$$libshutdown$$00000007)
    .ARM.Collect$$libshutdown$$0000000A      0x08000242   Section        0  libshutdown2.o(.ARM.Collect$$libshutdown$$0000000A)
    .ARM.Collect$$libshutdown$$0000000C      0x08000242   Section        0  libshutdown2.o(.ARM.Collect$$libshutdown$$0000000C)
    .ARM.Collect$$libshutdown$$0000000F      0x08000242   Section        0  libshutdown2.o(.ARM.Collect$$libshutdown$$0000000F)
    .ARM.Collect$$libshutdown$$00000010      0x08000242   Section        2  libshutdown2.o(.ARM.Collect$$libshutdown$$00000010)
    .ARM.Collect$$rtentry$$00000000          0x08000244   Section        0  __rtentry.o(.ARM.Collect$$rtentry$$00000000)
    .ARM.Collect$$rtentry$$00000002          0x08000244   Section        0  __rtentry2.o(.ARM.Collect$$rtentry$$00000002)
    .ARM.Collect$$rtentry$$00000004          0x08000244   Section        6  __rtentry4.o(.ARM.Collect$$rtentry$$00000004)
    .ARM.Collect$$rtentry$$00000009          0x0800024a   Section        0  __rtentry2.o(.ARM.Collect$$rtentry$$00000009)
    .ARM.Collect$$rtentry$$0000000A          0x0800024a   Section        4  __rtentry2.o(.ARM.Collect$$rtentry$$0000000A)
    .ARM.Collect$$rtentry$$0000000C          0x0800024e   Section        0  __rtentry2.o(.ARM.Collect$$rtentry$$0000000C)
    .ARM.Collect$$rtentry$$0000000D          0x0800024e   Section        8  __rtentry2.o(.ARM.Collect$$rtentry$$0000000D)
    .ARM.Collect$$rtexit$$00000000           0x08000256   Section        2  rtexit.o(.ARM.Collect$$rtexit$$00000000)
    .ARM.Collect$$rtexit$$00000002           0x08000258   Section        0  rtexit2.o(.ARM.Collect$$rtexit$$00000002)
    .ARM.Collect$$rtexit$$00000003           0x08000258   Section        4  rtexit2.o(.ARM.Collect$$rtexit$$00000003)
    .ARM.Collect$$rtexit$$00000004           0x0800025c   Section        6  rtexit2.o(.ARM.Collect$$rtexit$$00000004)
    $v0                                      0x08000264   Number         0  startup_stm32f446xx.o(.text)
    .text                                    0x08000264   Section       64  startup_stm32f446xx.o(.text)
    .text                                    0x080002a4   Section      240  lludivv7m.o(.text)
    .text                                    0x08000394   Section       78  rt_memclr_w.o(.text)
    .text                                    0x080003e2   Section        0  heapauxi.o(.text)
    .text                                    0x080003e8   Section        0  _rserrno.o(.text)
    .text                                    0x08000400   Section        8  rt_errno_addr_intlibspace.o(.text)
    .text                                    0x08000408   Section        8  libspace.o(.text)
    .text                                    0x08000410   Section       74  sys_stackheap_outer.o(.text)
    .text                                    0x0800045a   Section        0  exit.o(.text)
    .text                                    0x0800046c   Section        0  sys_exit.o(.text)
    .text                                    0x08000478   Section        2  use_no_semi.o(.text)
    .text                                    0x0800047a   Section        0  indicate_semi.o(.text)
    [Anonymous Symbol]                       0x0800047c   Section        0  stm32f4xx_it.o(.text.BusFault_Handler)
    [Anonymous Symbol]                       0x08000480   Section        0  stm32f4xx_it.o(.text.DebugMon_Handler)
    [Anonymous Symbol]                       0x08000484   Section        0  main.o(.text.Error_Handler)
    [Anonymous Symbol]                       0x08000490   Section        0  stm32f4xx_hal.o(.text.HAL_Delay)
    [Anonymous Symbol]                       0x080004b8   Section        0  stm32f4xx_hal_gpio.o(.text.HAL_GPIO_Init)
    [Anonymous Symbol]                       0x08000660   Section        0  stm32f4xx_hal_gpio.o(.text.HAL_GPIO_ReadPin)
    [Anonymous Symbol]                       0x0800066c   Section        0  stm32f4xx_hal_gpio.o(.text.HAL_GPIO_WritePin)
    [Anonymous Symbol]                       0x08000678   Section        0  stm32f4xx_hal.o(.text.HAL_GetTick)
    [Anonymous Symbol]                       0x08000684   Section        0  stm32f4xx_hal.o(.text.HAL_IncTick)
    [Anonymous Symbol]                       0x080006a0   Section        0  stm32f4xx_hal.o(.text.HAL_Init)
    [Anonymous Symbol]                       0x080006d8   Section        0  stm32f4xx_hal.o(.text.HAL_InitTick)
    [Anonymous Symbol]                       0x08000720   Section        0  stm32f4xx_hal_msp.o(.text.HAL_MspInit)
    [Anonymous Symbol]                       0x08000758   Section        0  stm32f4xx_hal_cortex.o(.text.HAL_NVIC_EnableIRQ)
    [Anonymous Symbol]                       0x08000780   Section        0  stm32f4xx_hal_cortex.o(.text.HAL_NVIC_SetPriority)
    [Anonymous Symbol]                       0x080007d8   Section        0  stm32f4xx_hal_cortex.o(.text.HAL_NVIC_SetPriorityGrouping)
    [Anonymous Symbol]                       0x080007f8   Section        0  stm32f4xx_hal_pcd_ex.o(.text.HAL_PCDEx_ActivateLPM)
    [Anonymous Symbol]                       0x08000820   Section        0  stm32f4xx_hal_pcd.o(.text.HAL_PCD_Init)
    [Anonymous Symbol]                       0x08000968   Section        0  stm32f4xx_hal_msp.o(.text.HAL_PCD_MspInit)
    [Anonymous Symbol]                       0x08000a14   Section        0  stm32f4xx_hal_rcc_ex.o(.text.HAL_RCCEx_PeriphCLKConfig)
    [Anonymous Symbol]                       0x08000e44   Section        0  stm32f4xx_hal_rcc.o(.text.HAL_RCC_ClockConfig)
    [Anonymous Symbol]                       0x08000fa4   Section        0  stm32f4xx_hal_rcc.o(.text.HAL_RCC_GetPCLK1Freq)
    [Anonymous Symbol]                       0x08000fcc   Section        0  stm32f4xx_hal_rcc.o(.text.HAL_RCC_GetPCLK2Freq)
    [Anonymous Symbol]                       0x08000ff4   Section        0  stm32f4xx_hal_rcc_ex.o(.text.HAL_RCC_GetSysClockFreq)
    [Anonymous Symbol]                       0x0800109c   Section        0  stm32f4xx_hal_rcc_ex.o(.text.HAL_RCC_OscConfig)
    [Anonymous Symbol]                       0x08001444   Section        0  stm32f4xx_hal_cortex.o(.text.HAL_SYSTICK_Config)
    [Anonymous Symbol]                       0x08001470   Section        0  stm32f4xx_hal_tim_ex.o(.text.HAL_TIMEx_BreakCallback)
    [Anonymous Symbol]                       0x08001474   Section        0  stm32f4xx_hal_tim_ex.o(.text.HAL_TIMEx_CommutCallback)
    [Anonymous Symbol]                       0x08001478   Section        0  stm32f4xx_hal_tim_ex.o(.text.HAL_TIMEx_MasterConfigSynchronization)
    [Anonymous Symbol]                       0x08001530   Section        0  stm32f4xx_hal_tim.o(.text.HAL_TIM_Base_Init)
    [Anonymous Symbol]                       0x0800158c   Section        0  stm32f4xx_hal_msp.o(.text.HAL_TIM_Base_MspInit)
    [Anonymous Symbol]                       0x080015fc   Section        0  stm32f4xx_hal_tim.o(.text.HAL_TIM_Base_Start)
    [Anonymous Symbol]                       0x080016a0   Section        0  stm32f4xx_hal_tim.o(.text.HAL_TIM_ConfigClockSource)
    [Anonymous Symbol]                       0x0800183c   Section        0  stm32f4xx_hal_tim.o(.text.HAL_TIM_IC_CaptureCallback)
    [Anonymous Symbol]                       0x08001840   Section        0  stm32f4xx_hal_tim.o(.text.HAL_TIM_IRQHandler)
    [Anonymous Symbol]                       0x080019b0   Section        0  stm32f4xx_hal_msp.o(.text.HAL_TIM_MspPostInit)
    [Anonymous Symbol]                       0x080019fc   Section        0  stm32f4xx_hal_tim.o(.text.HAL_TIM_OC_DelayElapsedCallback)
    [Anonymous Symbol]                       0x08001a00   Section        0  stm32f4xx_hal_tim.o(.text.HAL_TIM_PWM_ConfigChannel)
    [Anonymous Symbol]                       0x08001c24   Section        0  stm32f4xx_hal_tim.o(.text.HAL_TIM_PWM_Init)
    [Anonymous Symbol]                       0x08001c80   Section        0  stm32f4xx_hal_tim.o(.text.HAL_TIM_PWM_MspInit)
    [Anonymous Symbol]                       0x08001c84   Section        0  stm32f4xx_hal_tim.o(.text.HAL_TIM_PWM_PulseFinishedCallback)
    [Anonymous Symbol]                       0x08001c88   Section        0  stm32f4xx_hal_tim.o(.text.HAL_TIM_PWM_Start)
    [Anonymous Symbol]                       0x08001d9c   Section        0  stm32f4xx_hal_tim.o(.text.HAL_TIM_PeriodElapsedCallback)
    [Anonymous Symbol]                       0x08001da0   Section        0  stm32f4xx_hal_tim.o(.text.HAL_TIM_TriggerCallback)
    [Anonymous Symbol]                       0x08001da4   Section        0  stm32f4xx_hal_usart.o(.text.HAL_USART_Init)
    [Anonymous Symbol]                       0x08001ea0   Section        0  stm32f4xx_hal_msp.o(.text.HAL_USART_MspInit)
    [Anonymous Symbol]                       0x08001f48   Section        0  stm32f4xx_hal_usart.o(.text.HAL_USART_Transmit)
    [Anonymous Symbol]                       0x080020f0   Section        0  stm32f4xx_it.o(.text.HardFault_Handler)
    [Anonymous Symbol]                       0x080020f4   Section        0  stm32f4xx_it.o(.text.MemManage_Handler)
    [Anonymous Symbol]                       0x080020f8   Section        0  stm32f4xx_it.o(.text.NMI_Handler)
    [Anonymous Symbol]                       0x080020fc   Section        0  stm32f4xx_it.o(.text.PendSV_Handler)
    [Anonymous Symbol]                       0x08002100   Section        0  stm32f4xx_it.o(.text.SVC_Handler)
    [Anonymous Symbol]                       0x08002104   Section        0  stm32f4xx_it.o(.text.SysTick_Handler)
    [Anonymous Symbol]                       0x08002108   Section        0  main.o(.text.SystemClock_Config)
    [Anonymous Symbol]                       0x080021bc   Section        0  system_stm32f4xx.o(.text.SystemInit)
    [Anonymous Symbol]                       0x080021d0   Section        0  stm32f4xx_it.o(.text.TIM2_IRQHandler)
    [Anonymous Symbol]                       0x080021dc   Section        0  stm32f4xx_hal_tim.o(.text.TIM_Base_SetConfig)
    [Anonymous Symbol]                       0x08002318   Section        0  stm32f4xx_ll_usb.o(.text.USB_CoreInit)
    [Anonymous Symbol]                       0x080024f8   Section        0  stm32f4xx_ll_usb.o(.text.USB_DevDisconnect)
    [Anonymous Symbol]                       0x08002518   Section        0  stm32f4xx_ll_usb.o(.text.USB_DevInit)
    [Anonymous Symbol]                       0x080029a4   Section        0  stm32f4xx_ll_usb.o(.text.USB_DisableGlobalInt)
    [Anonymous Symbol]                       0x080029b4   Section        0  stm32f4xx_ll_usb.o(.text.USB_SetCurrentMode)
    [Anonymous Symbol]                       0x08002a18   Section        0  stm32f4xx_it.o(.text.UsageFault_Handler)
    [Anonymous Symbol]                       0x08002a20   Section        0  main.o(.text.main)
    i.__ARM_fpclassify                       0x08002fb4   Section        0  fpclassify.o(i.__ARM_fpclassify)
    i.__hardfp_asin                          0x08002fe8   Section        0  asin.o(i.__hardfp_asin)
    i.__hardfp_round                         0x08003348   Section        0  round.o(i.__hardfp_round)
    i.__hardfp_sin                           0x08003428   Section        0  sin.o(i.__hardfp_sin)
    i.__ieee754_rem_pio2                     0x080034f0   Section        0  rred.o(i.__ieee754_rem_pio2)
    i.__kernel_cos                           0x08003928   Section        0  cos_i.o(i.__kernel_cos)
    i.__kernel_poly                          0x08003a98   Section        0  poly.o(i.__kernel_poly)
    i.__kernel_sin                           0x08003b90   Section        0  sin_i.o(i.__kernel_sin)
    i.__mathlib_dbl_infnan                   0x08003cc0   Section        0  dunder.o(i.__mathlib_dbl_infnan)
    i.__mathlib_dbl_invalid                  0x08003cd8   Section        0  dunder.o(i.__mathlib_dbl_invalid)
    i.__mathlib_dbl_underflow                0x08003cf8   Section        0  dunder.o(i.__mathlib_dbl_underflow)
    i.fabs                                   0x08003d18   Section        0  fabs.o(i.fabs)
    i.sqrt                                   0x08003d30   Section        0  sqrt.o(i.sqrt)
    $v0                                      0x08003d9e   Number         0  basic.o(x$fpl$basic)
    x$fpl$basic                              0x08003d9e   Section       24  basic.o(x$fpl$basic)
    $v0                                      0x08003db8   Number         0  d2f.o(x$fpl$d2f)
    x$fpl$d2f                                0x08003db8   Section       98  d2f.o(x$fpl$d2f)
    $v0                                      0x08003e1c   Number         0  daddsub_clz.o(x$fpl$dadd)
    x$fpl$dadd                               0x08003e1c   Section      336  daddsub_clz.o(x$fpl$dadd)
    _dadd1                                   0x08003e2d   Thumb Code     0  daddsub_clz.o(x$fpl$dadd)
    $v0                                      0x08003f6c   Number         0  dcmpi.o(x$fpl$dcmpinf)
    x$fpl$dcmpinf                            0x08003f6c   Section       24  dcmpi.o(x$fpl$dcmpinf)
    $v0                                      0x08003f84   Number         0  ddiv.o(x$fpl$ddiv)
    x$fpl$ddiv                               0x08003f84   Section      692  ddiv.o(x$fpl$ddiv)
    ddiv_entry                               0x08003f8b   Thumb Code     0  ddiv.o(x$fpl$ddiv)
    $v0                                      0x08004238   Number         0  dfix.o(x$fpl$dfix)
    x$fpl$dfix                               0x08004238   Section       94  dfix.o(x$fpl$dfix)
    $v0                                      0x08004296   Number         0  dflt_clz.o(x$fpl$dflt)
    x$fpl$dflt                               0x08004296   Section       46  dflt_clz.o(x$fpl$dflt)
    $v0                                      0x080042c4   Number         0  dflt_clz.o(x$fpl$dfltu)
    x$fpl$dfltu                              0x080042c4   Section       38  dflt_clz.o(x$fpl$dfltu)
    $v0                                      0x080042ec   Number         0  dleqf.o(x$fpl$dleqf)
    x$fpl$dleqf                              0x080042ec   Section      120  dleqf.o(x$fpl$dleqf)
    $v0                                      0x08004364   Number         0  dmul.o(x$fpl$dmul)
    x$fpl$dmul                               0x08004364   Section      340  dmul.o(x$fpl$dmul)
    $v0                                      0x080044b8   Number         0  dnaninf.o(x$fpl$dnaninf)
    x$fpl$dnaninf                            0x080044b8   Section      156  dnaninf.o(x$fpl$dnaninf)
    $v0                                      0x08004554   Number         0  dretinf.o(x$fpl$dretinf)
    x$fpl$dretinf                            0x08004554   Section       12  dretinf.o(x$fpl$dretinf)
    $v0                                      0x08004560   Number         0  drleqf.o(x$fpl$drleqf)
    x$fpl$drleqf                             0x08004560   Section      108  drleqf.o(x$fpl$drleqf)
    $v0                                      0x080045cc   Number         0  drnd.o(x$fpl$drnd)
    x$fpl$drnd                               0x080045cc   Section      180  drnd.o(x$fpl$drnd)
    $v0                                      0x08004680   Number         0  daddsub_clz.o(x$fpl$drsb)
    x$fpl$drsb                               0x08004680   Section       22  daddsub_clz.o(x$fpl$drsb)
    $v0                                      0x08004698   Number         0  dsqrt_umaal.o(x$fpl$dsqrt)
    x$fpl$dsqrt                              0x08004698   Section      408  dsqrt_umaal.o(x$fpl$dsqrt)
    $v0                                      0x08004830   Number         0  daddsub_clz.o(x$fpl$dsub)
    x$fpl$dsub                               0x08004830   Section      476  daddsub_clz.o(x$fpl$dsub)
    _dsub1                                   0x08004841   Thumb Code     0  daddsub_clz.o(x$fpl$dsub)
    $v0                                      0x08004a0c   Number         0  f2d.o(x$fpl$f2d)
    x$fpl$f2d                                0x08004a0c   Section       86  f2d.o(x$fpl$f2d)
    $v0                                      0x08004a62   Number         0  fnaninf.o(x$fpl$fnaninf)
    x$fpl$fnaninf                            0x08004a62   Section      140  fnaninf.o(x$fpl$fnaninf)
    $v0                                      0x08004aee   Number         0  fpinit.o(x$fpl$fpinit)
    x$fpl$fpinit                             0x08004aee   Section       26  fpinit.o(x$fpl$fpinit)
    $v0                                      0x08004b08   Number         0  fretinf.o(x$fpl$fretinf)
    x$fpl$fretinf                            0x08004b08   Section       10  fretinf.o(x$fpl$fretinf)
    x$fpl$usenofp                            0x08004b12   Section        0  usenofp.o(x$fpl$usenofp)
    pS                                       0x08004b18   Data          48  asin.o(.constdata)
    .constdata                               0x08004b18   Section       80  asin.o(.constdata)
    qS                                       0x08004b48   Data          32  asin.o(.constdata)
    C                                        0x08004b68   Data          48  cos_i.o(.constdata)
    .constdata                               0x08004b68   Section       48  cos_i.o(.constdata)
    pio2s                                    0x08004b98   Data          48  rred.o(.constdata)
    .constdata                               0x08004b98   Section      204  rred.o(.constdata)
    twooverpi                                0x08004bc8   Data         156  rred.o(.constdata)
    S                                        0x08004c68   Data          40  sin_i.o(.constdata)
    .constdata                               0x08004c68   Section       40  sin_i.o(.constdata)
    .L_MergedGlobals                         0x20000000   Data           8  stm32f4xx_hal.o(.data..L_MergedGlobals)
    [Anonymous Symbol]                       0x20000000   Section        0  stm32f4xx_hal.o(.data..L_MergedGlobals)
    .bss                                     0x20000010   Section       96  libspace.o(.bss)
    .L_MergedGlobals                         0x20000070   Data          76  main.o(.bss..L_MergedGlobals)
    [Anonymous Symbol]                       0x20000070   Section        0  main.o(.bss..L_MergedGlobals)
    Heap_Mem                                 0x20000660   Data         512  startup_stm32f446xx.o(HEAP)
    HEAP                                     0x20000660   Section      512  startup_stm32f446xx.o(HEAP)
    Stack_Mem                                0x20000860   Data        1024  startup_stm32f446xx.o(STACK)
    STACK                                    0x20000860   Section     1024  startup_stm32f446xx.o(STACK)
    __initial_sp                             0x20000c60   Data           0  startup_stm32f446xx.o(STACK)

    Global Symbols

    Symbol Name                              Value     Ov Type        Size  Object(Section)

    BuildAttributes$$THM_ISAv4$E$P$D$K$B$S$7EM$VFPi3$EXTD16$VFPS$VFMA$PE$A:L22UL41UL21$X:L11$S22US41US21$IEEE1$IW$~IW$USESV6$~STKCKD$USESV7$~SHL$OTIME$ROPI$IEEEX$EBA8$UX$STANDARDLIB$REQ8$PRES8$EABIv2 0x00000000   Number         0  anon$$obj.o ABSOLUTE
    __ARM_exceptions_init                     - Undefined Weak Reference
    __alloca_initialize                       - Undefined Weak Reference
    __arm_preinit_                            - Undefined Weak Reference
    __arm_relocate_pie_                       - Undefined Weak Reference
    __cpp_initialize__aeabi_                  - Undefined Weak Reference
    __cxa_finalize                            - Undefined Weak Reference
    __rt_locale                               - Undefined Weak Reference
    __sigvec_lookup                           - Undefined Weak Reference
    _atexit_init                              - Undefined Weak Reference
    _call_atexit_fns                          - Undefined Weak Reference
    _clock_init                               - Undefined Weak Reference
    _fp_trap_init                             - Undefined Weak Reference
    _fp_trap_shutdown                         - Undefined Weak Reference
    _get_lc_collate                           - Undefined Weak Reference
    _get_lc_ctype                             - Undefined Weak Reference
    _get_lc_monetary                          - Undefined Weak Reference
    _get_lc_numeric                           - Undefined Weak Reference
    _get_lc_time                              - Undefined Weak Reference
    _getenv_init                              - Undefined Weak Reference
    _handle_redirection                       - Undefined Weak Reference
    _init_alloc                               - Undefined Weak Reference
    _init_user_alloc                          - Undefined Weak Reference
    _initio                                   - Undefined Weak Reference
    _rand_init                                - Undefined Weak Reference
    _signal_finish                            - Undefined Weak Reference
    _signal_init                              - Undefined Weak Reference
    _terminate_alloc                          - Undefined Weak Reference
    _terminate_user_alloc                     - Undefined Weak Reference
    _terminateio                              - Undefined Weak Reference
    __Vectors_Size                           0x000001c4   Number         0  startup_stm32f446xx.o ABSOLUTE
    __Vectors                                0x08000000   Data           4  startup_stm32f446xx.o(RESET)
    __Vectors_End                            0x080001c4   Data           0  startup_stm32f446xx.o(RESET)
    __main                                   0x080001c5   Thumb Code     8  __main.o(!!!main)
    __scatterload                            0x080001cd   Thumb Code     0  __scatter.o(!!!scatter)
    __scatterload_rt2                        0x080001cd   Thumb Code    44  __scatter.o(!!!scatter)
    __scatterload_rt2_thumb_only             0x080001cd   Thumb Code     0  __scatter.o(!!!scatter)
    __scatterload_null                       0x080001db   Thumb Code     0  __scatter.o(!!!scatter)
    __scatterload_copy                       0x08000201   Thumb Code    26  __scatter_copy.o(!!handler_copy)
    __scatterload_zeroinit                   0x0800021d   Thumb Code    28  __scatter_zi.o(!!handler_zi)
    __rt_lib_init                            0x08000239   Thumb Code     0  libinit.o(.ARM.Collect$$libinit$$00000000)
    __rt_lib_init_fp_1                       0x0800023b   Thumb Code     0  libinit2.o(.ARM.Collect$$libinit$$00000001)
    __rt_lib_init_alloca_1                   0x0800023f   Thumb Code     0  libinit2.o(.ARM.Collect$$libinit$$00000030)
    __rt_lib_init_argv_1                     0x0800023f   Thumb Code     0  libinit2.o(.ARM.Collect$$libinit$$0000002E)
    __rt_lib_init_atexit_1                   0x0800023f   Thumb Code     0  libinit2.o(.ARM.Collect$$libinit$$0000001D)
    __rt_lib_init_clock_1                    0x0800023f   Thumb Code     0  libinit2.o(.ARM.Collect$$libinit$$00000023)
    __rt_lib_init_cpp_1                      0x0800023f   Thumb Code     0  libinit2.o(.ARM.Collect$$libinit$$00000034)
    __rt_lib_init_exceptions_1               0x0800023f   Thumb Code     0  libinit2.o(.ARM.Collect$$libinit$$00000032)
    __rt_lib_init_fp_trap_1                  0x0800023f   Thumb Code     0  libinit2.o(.ARM.Collect$$libinit$$00000021)
    __rt_lib_init_getenv_1                   0x0800023f   Thumb Code     0  libinit2.o(.ARM.Collect$$libinit$$00000025)
    __rt_lib_init_heap_1                     0x0800023f   Thumb Code     0  libinit2.o(.ARM.Collect$$libinit$$0000000C)
    __rt_lib_init_lc_collate_1               0x0800023f   Thumb Code     0  libinit2.o(.ARM.Collect$$libinit$$00000013)
    __rt_lib_init_lc_ctype_1                 0x0800023f   Thumb Code     0  libinit2.o(.ARM.Collect$$libinit$$00000015)
    __rt_lib_init_lc_monetary_1              0x0800023f   Thumb Code     0  libinit2.o(.ARM.Collect$$libinit$$00000017)
    __rt_lib_init_lc_numeric_1               0x0800023f   Thumb Code     0  libinit2.o(.ARM.Collect$$libinit$$00000019)
    __rt_lib_init_lc_time_1                  0x0800023f   Thumb Code     0  libinit2.o(.ARM.Collect$$libinit$$0000001B)
    __rt_lib_init_preinit_1                  0x0800023f   Thumb Code     0  libinit2.o(.ARM.Collect$$libinit$$00000006)
    __rt_lib_init_rand_1                     0x0800023f   Thumb Code     0  libinit2.o(.ARM.Collect$$libinit$$00000010)
    __rt_lib_init_relocate_pie_1             0x0800023f   Thumb Code     0  libinit2.o(.ARM.Collect$$libinit$$00000004)
    __rt_lib_init_return                     0x0800023f   Thumb Code     0  libinit2.o(.ARM.Collect$$libinit$$00000035)
    __rt_lib_init_signal_1                   0x0800023f   Thumb Code     0  libinit2.o(.ARM.Collect$$libinit$$0000001F)
    __rt_lib_init_stdio_1                    0x0800023f   Thumb Code     0  libinit2.o(.ARM.Collect$$libinit$$00000027)
    __rt_lib_init_user_alloc_1               0x0800023f   Thumb Code     0  libinit2.o(.ARM.Collect$$libinit$$0000000E)
    __rt_lib_shutdown                        0x08000241   Thumb Code     0  libshutdown.o(.ARM.Collect$$libshutdown$$00000000)
    __rt_lib_shutdown_cpp_1                  0x08000243   Thumb Code     0  libshutdown2.o(.ARM.Collect$$libshutdown$$00000002)
    __rt_lib_shutdown_fp_trap_1              0x08000243   Thumb Code     0  libshutdown2.o(.ARM.Collect$$libshutdown$$00000007)
    __rt_lib_shutdown_heap_1                 0x08000243   Thumb Code     0  libshutdown2.o(.ARM.Collect$$libshutdown$$0000000F)
    __rt_lib_shutdown_return                 0x08000243   Thumb Code     0  libshutdown2.o(.ARM.Collect$$libshutdown$$00000010)
    __rt_lib_shutdown_signal_1               0x08000243   Thumb Code     0  libshutdown2.o(.ARM.Collect$$libshutdown$$0000000A)
    __rt_lib_shutdown_stdio_1                0x08000243   Thumb Code     0  libshutdown2.o(.ARM.Collect$$libshutdown$$00000004)
    __rt_lib_shutdown_user_alloc_1           0x08000243   Thumb Code     0  libshutdown2.o(.ARM.Collect$$libshutdown$$0000000C)
    __rt_entry                               0x08000245   Thumb Code     0  __rtentry.o(.ARM.Collect$$rtentry$$00000000)
    __rt_entry_presh_1                       0x08000245   Thumb Code     0  __rtentry2.o(.ARM.Collect$$rtentry$$00000002)
    __rt_entry_sh                            0x08000245   Thumb Code     0  __rtentry4.o(.ARM.Collect$$rtentry$$00000004)
    __rt_entry_li                            0x0800024b   Thumb Code     0  __rtentry2.o(.ARM.Collect$$rtentry$$0000000A)
    __rt_entry_postsh_1                      0x0800024b   Thumb Code     0  __rtentry2.o(.ARM.Collect$$rtentry$$00000009)
    __rt_entry_main                          0x0800024f   Thumb Code     0  __rtentry2.o(.ARM.Collect$$rtentry$$0000000D)
    __rt_entry_postli_1                      0x0800024f   Thumb Code     0  __rtentry2.o(.ARM.Collect$$rtentry$$0000000C)
    __rt_exit                                0x08000257   Thumb Code     0  rtexit.o(.ARM.Collect$$rtexit$$00000000)
    __rt_exit_ls                             0x08000259   Thumb Code     0  rtexit2.o(.ARM.Collect$$rtexit$$00000003)
    __rt_exit_prels_1                        0x08000259   Thumb Code     0  rtexit2.o(.ARM.Collect$$rtexit$$00000002)
    __rt_exit_exit                           0x0800025d   Thumb Code     0  rtexit2.o(.ARM.Collect$$rtexit$$00000004)
    Reset_Handler                            0x08000265   Thumb Code     8  startup_stm32f446xx.o(.text)
    ADC_IRQHandler                           0x0800027f   Thumb Code     0  startup_stm32f446xx.o(.text)
    CAN1_RX0_IRQHandler                      0x0800027f   Thumb Code     0  startup_stm32f446xx.o(.text)
    CAN1_RX1_IRQHandler                      0x0800027f   Thumb Code     0  startup_stm32f446xx.o(.text)
    CAN1_SCE_IRQHandler                      0x0800027f   Thumb Code     0  startup_stm32f446xx.o(.text)
    CAN1_TX_IRQHandler                       0x0800027f   Thumb Code     0  startup_stm32f446xx.o(.text)
    CAN2_RX0_IRQHandler                      0x0800027f   Thumb Code     0  startup_stm32f446xx.o(.text)
    CAN2_RX1_IRQHandler                      0x0800027f   Thumb Code     0  startup_stm32f446xx.o(.text)
    CAN2_SCE_IRQHandler                      0x0800027f   Thumb Code     0  startup_stm32f446xx.o(.text)
    CAN2_TX_IRQHandler                       0x0800027f   Thumb Code     0  startup_stm32f446xx.o(.text)
    CEC_IRQHandler                           0x0800027f   Thumb Code     0  startup_stm32f446xx.o(.text)
    DCMI_IRQHandler                          0x0800027f   Thumb Code     0  startup_stm32f446xx.o(.text)
    DMA1_Stream0_IRQHandler                  0x0800027f   Thumb Code     0  startup_stm32f446xx.o(.text)
    DMA1_Stream1_IRQHandler                  0x0800027f   Thumb Code     0  startup_stm32f446xx.o(.text)
    DMA1_Stream2_IRQHandler                  0x0800027f   Thumb Code     0  startup_stm32f446xx.o(.text)
    DMA1_Stream3_IRQHandler                  0x0800027f   Thumb Code     0  startup_stm32f446xx.o(.text)
    DMA1_Stream4_IRQHandler                  0x0800027f   Thumb Code     0  startup_stm32f446xx.o(.text)
    DMA1_Stream5_IRQHandler                  0x0800027f   Thumb Code     0  startup_stm32f446xx.o(.text)
    DMA1_Stream6_IRQHandler                  0x0800027f   Thumb Code     0  startup_stm32f446xx.o(.text)
    DMA1_Stream7_IRQHandler                  0x0800027f   Thumb Code     0  startup_stm32f446xx.o(.text)
    DMA2_Stream0_IRQHandler                  0x0800027f   Thumb Code     0  startup_stm32f446xx.o(.text)
    DMA2_Stream1_IRQHandler                  0x0800027f   Thumb Code     0  startup_stm32f446xx.o(.text)
    DMA2_Stream2_IRQHandler                  0x0800027f   Thumb Code     0  startup_stm32f446xx.o(.text)
    DMA2_Stream3_IRQHandler                  0x0800027f   Thumb Code     0  startup_stm32f446xx.o(.text)
    DMA2_Stream4_IRQHandler                  0x0800027f   Thumb Code     0  startup_stm32f446xx.o(.text)
    DMA2_Stream5_IRQHandler                  0x0800027f   Thumb Code     0  startup_stm32f446xx.o(.text)
    DMA2_Stream6_IRQHandler                  0x0800027f   Thumb Code     0  startup_stm32f446xx.o(.text)
    DMA2_Stream7_IRQHandler                  0x0800027f   Thumb Code     0  startup_stm32f446xx.o(.text)
    EXTI0_IRQHandler                         0x0800027f   Thumb Code     0  startup_stm32f446xx.o(.text)
    EXTI15_10_IRQHandler                     0x0800027f   Thumb Code     0  startup_stm32f446xx.o(.text)
    EXTI1_IRQHandler                         0x0800027f   Thumb Code     0  startup_stm32f446xx.o(.text)
    EXTI2_IRQHandler                         0x0800027f   Thumb Code     0  startup_stm32f446xx.o(.text)
    EXTI3_IRQHandler                         0x0800027f   Thumb Code     0  startup_stm32f446xx.o(.text)
    EXTI4_IRQHandler                         0x0800027f   Thumb Code     0  startup_stm32f446xx.o(.text)
    EXTI9_5_IRQHandler                       0x0800027f   Thumb Code     0  startup_stm32f446xx.o(.text)
    FLASH_IRQHandler                         0x0800027f   Thumb Code     0  startup_stm32f446xx.o(.text)
    FMC_IRQHandler                           0x0800027f   Thumb Code     0  startup_stm32f446xx.o(.text)
    FMPI2C1_ER_IRQHandler                    0x0800027f   Thumb Code     0  startup_stm32f446xx.o(.text)
    FMPI2C1_EV_IRQHandler                    0x0800027f   Thumb Code     0  startup_stm32f446xx.o(.text)
    FPU_IRQHandler                           0x0800027f   Thumb Code     0  startup_stm32f446xx.o(.text)
    I2C1_ER_IRQHandler                       0x0800027f   Thumb Code     0  startup_stm32f446xx.o(.text)
    I2C1_EV_IRQHandler                       0x0800027f   Thumb Code     0  startup_stm32f446xx.o(.text)
    I2C2_ER_IRQHandler                       0x0800027f   Thumb Code     0  startup_stm32f446xx.o(.text)
    I2C2_EV_IRQHandler                       0x0800027f   Thumb Code     0  startup_stm32f446xx.o(.text)
    I2C3_ER_IRQHandler                       0x0800027f   Thumb Code     0  startup_stm32f446xx.o(.text)
    I2C3_EV_IRQHandler                       0x0800027f   Thumb Code     0  startup_stm32f446xx.o(.text)
    OTG_FS_IRQHandler                        0x0800027f   Thumb Code     0  startup_stm32f446xx.o(.text)
    OTG_FS_WKUP_IRQHandler                   0x0800027f   Thumb Code     0  startup_stm32f446xx.o(.text)
    OTG_HS_EP1_IN_IRQHandler                 0x0800027f   Thumb Code     0  startup_stm32f446xx.o(.text)
    OTG_HS_EP1_OUT_IRQHandler                0x0800027f   Thumb Code     0  startup_stm32f446xx.o(.text)
    OTG_HS_IRQHandler                        0x0800027f   Thumb Code     0  startup_stm32f446xx.o(.text)
    OTG_HS_WKUP_IRQHandler                   0x0800027f   Thumb Code     0  startup_stm32f446xx.o(.text)
    PVD_IRQHandler                           0x0800027f   Thumb Code     0  startup_stm32f446xx.o(.text)
    QUADSPI_IRQHandler                       0x0800027f   Thumb Code     0  startup_stm32f446xx.o(.text)
    RCC_IRQHandler                           0x0800027f   Thumb Code     0  startup_stm32f446xx.o(.text)
    RTC_Alarm_IRQHandler                     0x0800027f   Thumb Code     0  startup_stm32f446xx.o(.text)
    RTC_WKUP_IRQHandler                      0x0800027f   Thumb Code     0  startup_stm32f446xx.o(.text)
    SAI1_IRQHandler                          0x0800027f   Thumb Code     0  startup_stm32f446xx.o(.text)
    SAI2_IRQHandler                          0x0800027f   Thumb Code     0  startup_stm32f446xx.o(.text)
    SDIO_IRQHandler                          0x0800027f   Thumb Code     0  startup_stm32f446xx.o(.text)
    SPDIF_RX_IRQHandler                      0x0800027f   Thumb Code     0  startup_stm32f446xx.o(.text)
    SPI1_IRQHandler                          0x0800027f   Thumb Code     0  startup_stm32f446xx.o(.text)
    SPI2_IRQHandler                          0x0800027f   Thumb Code     0  startup_stm32f446xx.o(.text)
    SPI3_IRQHandler                          0x0800027f   Thumb Code     0  startup_stm32f446xx.o(.text)
    SPI4_IRQHandler                          0x0800027f   Thumb Code     0  startup_stm32f446xx.o(.text)
    TAMP_STAMP_IRQHandler                    0x0800027f   Thumb Code     0  startup_stm32f446xx.o(.text)
    TIM1_BRK_TIM9_IRQHandler                 0x0800027f   Thumb Code     0  startup_stm32f446xx.o(.text)
    TIM1_CC_IRQHandler                       0x0800027f   Thumb Code     0  startup_stm32f446xx.o(.text)
    TIM1_TRG_COM_TIM11_IRQHandler            0x0800027f   Thumb Code     0  startup_stm32f446xx.o(.text)
    TIM1_UP_TIM10_IRQHandler                 0x0800027f   Thumb Code     0  startup_stm32f446xx.o(.text)
    TIM3_IRQHandler                          0x0800027f   Thumb Code     0  startup_stm32f446xx.o(.text)
    TIM4_IRQHandler                          0x0800027f   Thumb Code     0  startup_stm32f446xx.o(.text)
    TIM5_IRQHandler                          0x0800027f   Thumb Code     0  startup_stm32f446xx.o(.text)
    TIM6_DAC_IRQHandler                      0x0800027f   Thumb Code     0  startup_stm32f446xx.o(.text)
    TIM7_IRQHandler                          0x0800027f   Thumb Code     0  startup_stm32f446xx.o(.text)
    TIM8_BRK_TIM12_IRQHandler                0x0800027f   Thumb Code     0  startup_stm32f446xx.o(.text)
    TIM8_CC_IRQHandler                       0x0800027f   Thumb Code     0  startup_stm32f446xx.o(.text)
    TIM8_TRG_COM_TIM14_IRQHandler            0x0800027f   Thumb Code     0  startup_stm32f446xx.o(.text)
    TIM8_UP_TIM13_IRQHandler                 0x0800027f   Thumb Code     0  startup_stm32f446xx.o(.text)
    UART4_IRQHandler                         0x0800027f   Thumb Code     0  startup_stm32f446xx.o(.text)
    UART5_IRQHandler                         0x0800027f   Thumb Code     0  startup_stm32f446xx.o(.text)
    USART1_IRQHandler                        0x0800027f   Thumb Code     0  startup_stm32f446xx.o(.text)
    USART2_IRQHandler                        0x0800027f   Thumb Code     0  startup_stm32f446xx.o(.text)
    USART3_IRQHandler                        0x0800027f   Thumb Code     0  startup_stm32f446xx.o(.text)
    USART6_IRQHandler                        0x0800027f   Thumb Code     0  startup_stm32f446xx.o(.text)
    WWDG_IRQHandler                          0x0800027f   Thumb Code     0  startup_stm32f446xx.o(.text)
    __user_initial_stackheap                 0x08000281   Thumb Code     0  startup_stm32f446xx.o(.text)
    __aeabi_uldivmod                         0x080002a5   Thumb Code     0  lludivv7m.o(.text)
    _ll_udiv                                 0x080002a5   Thumb Code   240  lludivv7m.o(.text)
    __aeabi_memclr4                          0x08000395   Thumb Code     0  rt_memclr_w.o(.text)
    __aeabi_memclr8                          0x08000395   Thumb Code     0  rt_memclr_w.o(.text)
    __rt_memclr_w                            0x08000395   Thumb Code     0  rt_memclr_w.o(.text)
    _memset_w                                0x08000399   Thumb Code    74  rt_memclr_w.o(.text)
    __use_two_region_memory                  0x080003e3   Thumb Code     2  heapauxi.o(.text)
    __rt_heap_escrow$2region                 0x080003e5   Thumb Code     2  heapauxi.o(.text)
    __rt_heap_expand$2region                 0x080003e7   Thumb Code     2  heapauxi.o(.text)
    __read_errno                             0x080003e9   Thumb Code    10  _rserrno.o(.text)
    __set_errno                              0x080003f3   Thumb Code    12  _rserrno.o(.text)
    __aeabi_errno_addr                       0x08000401   Thumb Code     8  rt_errno_addr_intlibspace.o(.text)
    __errno$intlibspace                      0x08000401   Thumb Code     0  rt_errno_addr_intlibspace.o(.text)
    __rt_errno_addr$intlibspace              0x08000401   Thumb Code     0  rt_errno_addr_intlibspace.o(.text)
    __user_libspace                          0x08000409   Thumb Code     8  libspace.o(.text)
    __user_perproc_libspace                  0x08000409   Thumb Code     0  libspace.o(.text)
    __user_perthread_libspace                0x08000409   Thumb Code     0  libspace.o(.text)
    __user_setup_stackheap                   0x08000411   Thumb Code    74  sys_stackheap_outer.o(.text)
    exit                                     0x0800045b   Thumb Code    18  exit.o(.text)
    _sys_exit                                0x0800046d   Thumb Code     8  sys_exit.o(.text)
    __I$use$semihosting                      0x08000479   Thumb Code     0  use_no_semi.o(.text)
    __use_no_semihosting_swi                 0x08000479   Thumb Code     2  use_no_semi.o(.text)
    __semihosting_library_function           0x0800047b   Thumb Code     0  indicate_semi.o(.text)
    BusFault_Handler                         0x0800047d   Thumb Code     2  stm32f4xx_it.o(.text.BusFault_Handler)
    DebugMon_Handler                         0x08000481   Thumb Code     2  stm32f4xx_it.o(.text.DebugMon_Handler)
    Error_Handler                            0x08000485   Thumb Code    10  main.o(.text.Error_Handler)
    HAL_Delay                                0x08000491   Thumb Code    40  stm32f4xx_hal.o(.text.HAL_Delay)
    HAL_GPIO_Init                            0x080004b9   Thumb Code   422  stm32f4xx_hal_gpio.o(.text.HAL_GPIO_Init)
    HAL_GPIO_ReadPin                         0x08000661   Thumb Code    10  stm32f4xx_hal_gpio.o(.text.HAL_GPIO_ReadPin)
    HAL_GPIO_WritePin                        0x0800066d   Thumb Code    10  stm32f4xx_hal_gpio.o(.text.HAL_GPIO_WritePin)
    HAL_GetTick                              0x08000679   Thumb Code    12  stm32f4xx_hal.o(.text.HAL_GetTick)
    HAL_IncTick                              0x08000685   Thumb Code    26  stm32f4xx_hal.o(.text.HAL_IncTick)
    HAL_Init                                 0x080006a1   Thumb Code    54  stm32f4xx_hal.o(.text.HAL_Init)
    HAL_InitTick                             0x080006d9   Thumb Code    72  stm32f4xx_hal.o(.text.HAL_InitTick)
    HAL_MspInit                              0x08000721   Thumb Code    56  stm32f4xx_hal_msp.o(.text.HAL_MspInit)
    HAL_NVIC_EnableIRQ                       0x08000759   Thumb Code    38  stm32f4xx_hal_cortex.o(.text.HAL_NVIC_EnableIRQ)
    HAL_NVIC_SetPriority                     0x08000781   Thumb Code    86  stm32f4xx_hal_cortex.o(.text.HAL_NVIC_SetPriority)
    HAL_NVIC_SetPriorityGrouping             0x080007d9   Thumb Code    32  stm32f4xx_hal_cortex.o(.text.HAL_NVIC_SetPriorityGrouping)
    HAL_PCDEx_ActivateLPM                    0x080007f9   Thumb Code    38  stm32f4xx_hal_pcd_ex.o(.text.HAL_PCDEx_ActivateLPM)
    HAL_PCD_Init                             0x08000821   Thumb Code   326  stm32f4xx_hal_pcd.o(.text.HAL_PCD_Init)
    HAL_PCD_MspInit                          0x08000969   Thumb Code   172  stm32f4xx_hal_msp.o(.text.HAL_PCD_MspInit)
    HAL_RCCEx_PeriphCLKConfig                0x08000a15   Thumb Code  1070  stm32f4xx_hal_rcc_ex.o(.text.HAL_RCCEx_PeriphCLKConfig)
    HAL_RCC_ClockConfig                      0x08000e45   Thumb Code   352  stm32f4xx_hal_rcc.o(.text.HAL_RCC_ClockConfig)
    HAL_RCC_GetPCLK1Freq                     0x08000fa5   Thumb Code    38  stm32f4xx_hal_rcc.o(.text.HAL_RCC_GetPCLK1Freq)
    HAL_RCC_GetPCLK2Freq                     0x08000fcd   Thumb Code    38  stm32f4xx_hal_rcc.o(.text.HAL_RCC_GetPCLK2Freq)
    HAL_RCC_GetSysClockFreq                  0x08000ff5   Thumb Code   166  stm32f4xx_hal_rcc_ex.o(.text.HAL_RCC_GetSysClockFreq)
    HAL_RCC_OscConfig                        0x0800109d   Thumb Code   934  stm32f4xx_hal_rcc_ex.o(.text.HAL_RCC_OscConfig)
    HAL_SYSTICK_Config                       0x08001445   Thumb Code    44  stm32f4xx_hal_cortex.o(.text.HAL_SYSTICK_Config)
    HAL_TIMEx_BreakCallback                  0x08001471   Thumb Code     2  stm32f4xx_hal_tim_ex.o(.text.HAL_TIMEx_BreakCallback)
    HAL_TIMEx_CommutCallback                 0x08001475   Thumb Code     2  stm32f4xx_hal_tim_ex.o(.text.HAL_TIMEx_CommutCallback)
    HAL_TIMEx_MasterConfigSynchronization    0x08001479   Thumb Code   182  stm32f4xx_hal_tim_ex.o(.text.HAL_TIMEx_MasterConfigSynchronization)
    HAL_TIM_Base_Init                        0x08001531   Thumb Code    90  stm32f4xx_hal_tim.o(.text.HAL_TIM_Base_Init)
    HAL_TIM_Base_MspInit                     0x0800158d   Thumb Code   110  stm32f4xx_hal_msp.o(.text.HAL_TIM_Base_MspInit)
    HAL_TIM_Base_Start                       0x080015fd   Thumb Code   162  stm32f4xx_hal_tim.o(.text.HAL_TIM_Base_Start)
    HAL_TIM_ConfigClockSource                0x080016a1   Thumb Code   412  stm32f4xx_hal_tim.o(.text.HAL_TIM_ConfigClockSource)
    HAL_TIM_IC_CaptureCallback               0x0800183d   Thumb Code     2  stm32f4xx_hal_tim.o(.text.HAL_TIM_IC_CaptureCallback)
    HAL_TIM_IRQHandler                       0x08001841   Thumb Code   368  stm32f4xx_hal_tim.o(.text.HAL_TIM_IRQHandler)
    HAL_TIM_MspPostInit                      0x080019b1   Thumb Code    76  stm32f4xx_hal_msp.o(.text.HAL_TIM_MspPostInit)
    HAL_TIM_OC_DelayElapsedCallback          0x080019fd   Thumb Code     2  stm32f4xx_hal_tim.o(.text.HAL_TIM_OC_DelayElapsedCallback)
    HAL_TIM_PWM_ConfigChannel                0x08001a01   Thumb Code   546  stm32f4xx_hal_tim.o(.text.HAL_TIM_PWM_ConfigChannel)
    HAL_TIM_PWM_Init                         0x08001c25   Thumb Code    90  stm32f4xx_hal_tim.o(.text.HAL_TIM_PWM_Init)
    HAL_TIM_PWM_MspInit                      0x08001c81   Thumb Code     2  stm32f4xx_hal_tim.o(.text.HAL_TIM_PWM_MspInit)
    HAL_TIM_PWM_PulseFinishedCallback        0x08001c85   Thumb Code     2  stm32f4xx_hal_tim.o(.text.HAL_TIM_PWM_PulseFinishedCallback)
    HAL_TIM_PWM_Start                        0x08001c89   Thumb Code   274  stm32f4xx_hal_tim.o(.text.HAL_TIM_PWM_Start)
    HAL_TIM_PeriodElapsedCallback            0x08001d9d   Thumb Code     2  stm32f4xx_hal_tim.o(.text.HAL_TIM_PeriodElapsedCallback)
    HAL_TIM_TriggerCallback                  0x08001da1   Thumb Code     2  stm32f4xx_hal_tim.o(.text.HAL_TIM_TriggerCallback)
    HAL_USART_Init                           0x08001da5   Thumb Code   250  stm32f4xx_hal_usart.o(.text.HAL_USART_Init)
    HAL_USART_MspInit                        0x08001ea1   Thumb Code   166  stm32f4xx_hal_msp.o(.text.HAL_USART_MspInit)
    HAL_USART_Transmit                       0x08001f49   Thumb Code   422  stm32f4xx_hal_usart.o(.text.HAL_USART_Transmit)
    HardFault_Handler                        0x080020f1   Thumb Code     2  stm32f4xx_it.o(.text.HardFault_Handler)
    MemManage_Handler                        0x080020f5   Thumb Code     2  stm32f4xx_it.o(.text.MemManage_Handler)
    NMI_Handler                              0x080020f9   Thumb Code     2  stm32f4xx_it.o(.text.NMI_Handler)
    PendSV_Handler                           0x080020fd   Thumb Code     2  stm32f4xx_it.o(.text.PendSV_Handler)
    SVC_Handler                              0x08002101   Thumb Code     2  stm32f4xx_it.o(.text.SVC_Handler)
    SysTick_Handler                          0x08002105   Thumb Code     4  stm32f4xx_it.o(.text.SysTick_Handler)
    SystemClock_Config                       0x08002109   Thumb Code   180  main.o(.text.SystemClock_Config)
    SystemInit                               0x080021bd   Thumb Code    18  system_stm32f4xx.o(.text.SystemInit)
    TIM2_IRQHandler                          0x080021d1   Thumb Code    12  stm32f4xx_it.o(.text.TIM2_IRQHandler)
    TIM_Base_SetConfig                       0x080021dd   Thumb Code   316  stm32f4xx_hal_tim.o(.text.TIM_Base_SetConfig)
    USB_CoreInit                             0x08002319   Thumb Code   478  stm32f4xx_ll_usb.o(.text.USB_CoreInit)
    USB_DevDisconnect                        0x080024f9   Thumb Code    30  stm32f4xx_ll_usb.o(.text.USB_DevDisconnect)
    USB_DevInit                              0x08002519   Thumb Code  1162  stm32f4xx_ll_usb.o(.text.USB_DevInit)
    USB_DisableGlobalInt                     0x080029a5   Thumb Code    14  stm32f4xx_ll_usb.o(.text.USB_DisableGlobalInt)
    USB_SetCurrentMode                       0x080029b5   Thumb Code   100  stm32f4xx_ll_usb.o(.text.USB_SetCurrentMode)
    UsageFault_Handler                       0x08002a19   Thumb Code     2  stm32f4xx_it.o(.text.UsageFault_Handler)
    main                                     0x08002a21   Thumb Code  1428  main.o(.text.main)
    __ARM_fpclassify                         0x08002fb5   Thumb Code    48  fpclassify.o(i.__ARM_fpclassify)
    __hardfp_asin                            0x08002fe9   Thumb Code   770  asin.o(i.__hardfp_asin)
    __hardfp_round                           0x08003349   Thumb Code   194  round.o(i.__hardfp_round)
    __hardfp_sin                             0x08003429   Thumb Code   180  sin.o(i.__hardfp_sin)
    __ieee754_rem_pio2                       0x080034f1   Thumb Code   938  rred.o(i.__ieee754_rem_pio2)
    __kernel_cos                             0x08003929   Thumb Code   322  cos_i.o(i.__kernel_cos)
    __kernel_poly                            0x08003a99   Thumb Code   248  poly.o(i.__kernel_poly)
    __kernel_sin                             0x08003b91   Thumb Code   280  sin_i.o(i.__kernel_sin)
    __mathlib_dbl_infnan                     0x08003cc1   Thumb Code    20  dunder.o(i.__mathlib_dbl_infnan)
    __mathlib_dbl_invalid                    0x08003cd9   Thumb Code    24  dunder.o(i.__mathlib_dbl_invalid)
    __mathlib_dbl_underflow                  0x08003cf9   Thumb Code    24  dunder.o(i.__mathlib_dbl_underflow)
    fabs                                     0x08003d19   Thumb Code    24  fabs.o(i.fabs)
    sqrt                                     0x08003d31   Thumb Code   110  sqrt.o(i.sqrt)
    __aeabi_dneg                             0x08003d9f   Thumb Code     0  basic.o(x$fpl$basic)
    _dneg                                    0x08003d9f   Thumb Code     6  basic.o(x$fpl$basic)
    __aeabi_fneg                             0x08003da5   Thumb Code     0  basic.o(x$fpl$basic)
    _fneg                                    0x08003da5   Thumb Code     6  basic.o(x$fpl$basic)
    _dabs                                    0x08003dab   Thumb Code     6  basic.o(x$fpl$basic)
    _fabs                                    0x08003db1   Thumb Code     6  basic.o(x$fpl$basic)
    __aeabi_d2f                              0x08003db9   Thumb Code     0  d2f.o(x$fpl$d2f)
    _d2f                                     0x08003db9   Thumb Code    98  d2f.o(x$fpl$d2f)
    __aeabi_dadd                             0x08003e1d   Thumb Code     0  daddsub_clz.o(x$fpl$dadd)
    _dadd                                    0x08003e1d   Thumb Code   332  daddsub_clz.o(x$fpl$dadd)
    __fpl_dcmp_Inf                           0x08003f6d   Thumb Code    24  dcmpi.o(x$fpl$dcmpinf)
    __aeabi_ddiv                             0x08003f85   Thumb Code     0  ddiv.o(x$fpl$ddiv)
    _ddiv                                    0x08003f85   Thumb Code   556  ddiv.o(x$fpl$ddiv)
    __aeabi_d2iz                             0x08004239   Thumb Code     0  dfix.o(x$fpl$dfix)
    _dfix                                    0x08004239   Thumb Code    94  dfix.o(x$fpl$dfix)
    __aeabi_i2d                              0x08004297   Thumb Code     0  dflt_clz.o(x$fpl$dflt)
    _dflt                                    0x08004297   Thumb Code    46  dflt_clz.o(x$fpl$dflt)
    __aeabi_ui2d                             0x080042c5   Thumb Code     0  dflt_clz.o(x$fpl$dfltu)
    _dfltu                                   0x080042c5   Thumb Code    38  dflt_clz.o(x$fpl$dfltu)
    __aeabi_cdcmple                          0x080042ed   Thumb Code     0  dleqf.o(x$fpl$dleqf)
    _dcmple                                  0x080042ed   Thumb Code   120  dleqf.o(x$fpl$dleqf)
    __fpl_dcmple_InfNaN                      0x0800434f   Thumb Code     0  dleqf.o(x$fpl$dleqf)
    __aeabi_dmul                             0x08004365   Thumb Code     0  dmul.o(x$fpl$dmul)
    _dmul                                    0x08004365   Thumb Code   332  dmul.o(x$fpl$dmul)
    __fpl_dnaninf                            0x080044b9   Thumb Code   156  dnaninf.o(x$fpl$dnaninf)
    __fpl_dretinf                            0x08004555   Thumb Code    12  dretinf.o(x$fpl$dretinf)
    __aeabi_cdrcmple                         0x08004561   Thumb Code     0  drleqf.o(x$fpl$drleqf)
    _drcmple                                 0x08004561   Thumb Code   108  drleqf.o(x$fpl$drleqf)
    _drnd                                    0x080045cd   Thumb Code   180  drnd.o(x$fpl$drnd)
    __aeabi_drsub                            0x08004681   Thumb Code     0  daddsub_clz.o(x$fpl$drsb)
    _drsb                                    0x08004681   Thumb Code    22  daddsub_clz.o(x$fpl$drsb)
    _dsqrt                                   0x08004699   Thumb Code   404  dsqrt_umaal.o(x$fpl$dsqrt)
    __aeabi_dsub                             0x08004831   Thumb Code     0  daddsub_clz.o(x$fpl$dsub)
    _dsub                                    0x08004831   Thumb Code   472  daddsub_clz.o(x$fpl$dsub)
    __aeabi_f2d                              0x08004a0d   Thumb Code     0  f2d.o(x$fpl$f2d)
    _f2d                                     0x08004a0d   Thumb Code    86  f2d.o(x$fpl$f2d)
    __fpl_fnaninf                            0x08004a63   Thumb Code   140  fnaninf.o(x$fpl$fnaninf)
    _fp_init                                 0x08004aef   Thumb Code    26  fpinit.o(x$fpl$fpinit)
    __fplib_config_fpu_vfp                   0x08004b07   Thumb Code     0  fpinit.o(x$fpl$fpinit)
    __fplib_config_pureend_doubles           0x08004b07   Thumb Code     0  fpinit.o(x$fpl$fpinit)
    __fpl_fretinf                            0x08004b09   Thumb Code    10  fretinf.o(x$fpl$fretinf)
    __I$use$fp                               0x08004b12   Number         0  usenofp.o(x$fpl$usenofp)
    AHBPrescTable                            0x08004c90   Data          16  system_stm32f4xx.o(.rodata.AHBPrescTable)
    APBPrescTable                            0x08004ca0   Data           8  system_stm32f4xx.o(.rodata.APBPrescTable)
    Region$$Table$$Base                      0x08004ca8   Number         0  anon$$obj.o(Region$$Table)
    Region$$Table$$Limit                     0x08004cc8   Number         0  anon$$obj.o(Region$$Table)
    uwTickFreq                               0x20000000   Data           1  stm32f4xx_hal.o(.data..L_MergedGlobals)
    uwTickPrio                               0x20000004   Data           4  stm32f4xx_hal.o(.data..L_MergedGlobals)
    SystemCoreClock                          0x20000008   Data           4  system_stm32f4xx.o(.data.SystemCoreClock)
    __libspace_start                         0x20000010   Data          96  libspace.o(.bss)
    __temporary_stack_top$libspace           0x20000070   Data           0  libspace.o(.bss)
    angle_pre                                0x20000070   Data           4  main.o(.bss..L_MergedGlobals)
    angle_cur                                0x20000074   Data           4  main.o(.bss..L_MergedGlobals)
    husart3                                  0x20000078   Data          68  main.o(.bss..L_MergedGlobals)
    hpcd_USB_OTG_FS                          0x200000bc   Data        1292  main.o(.bss.hpcd_USB_OTG_FS)
    htim2                                    0x200005c8   Data          72  main.o(.bss.htim2)
    htim6                                    0x20000610   Data          72  main.o(.bss.htim6)
    uwTick                                   0x20000658   Data           4  stm32f4xx_hal.o(.bss.uwTick)



==============================================================================

Memory Map of the image

  Image Entry point : 0x080001c5

  Load Region LR_IROM1 (Base: 0x08000000, Size: 0x00004cd8, Max: 0x00080000, ABSOLUTE)

    Execution Region ER_IROM1 (Exec base: 0x08000000, Load base: 0x08000000, Size: 0x00004cc8, Max: 0x00080000, ABSOLUTE)

    Exec Addr    Load Addr    Size         Type   Attr      Idx    E Section Name        Object

    0x08000000   0x08000000   0x000001c4   Data   RO            3    RESET               startup_stm32f446xx.o
    0x080001c4   0x080001c4   0x00000008   Code   RO         1146  * !!!main             c_w.l(__main.o)
    0x080001cc   0x080001cc   0x00000034   Code   RO         1433    !!!scatter          c_w.l(__scatter.o)
    0x08000200   0x08000200   0x0000001a   Code   RO         1435    !!handler_copy      c_w.l(__scatter_copy.o)
    0x0800021a   0x0800021a   0x00000002   PAD
    0x0800021c   0x0800021c   0x0000001c   Code   RO         1437    !!handler_zi        c_w.l(__scatter_zi.o)
    0x08000238   0x08000238   0x00000002   Code   RO         1298    .ARM.Collect$$libinit$$00000000  c_w.l(libinit.o)
    0x0800023a   0x0800023a   0x00000004   Code   RO         1307    .ARM.Collect$$libinit$$00000001  c_w.l(libinit2.o)
    0x0800023e   0x0800023e   0x00000000   Code   RO         1310    .ARM.Collect$$libinit$$00000004  c_w.l(libinit2.o)
    0x0800023e   0x0800023e   0x00000000   Code   RO         1312    .ARM.Collect$$libinit$$00000006  c_w.l(libinit2.o)
    0x0800023e   0x0800023e   0x00000000   Code   RO         1315    .ARM.Collect$$libinit$$0000000C  c_w.l(libinit2.o)
    0x0800023e   0x0800023e   0x00000000   Code   RO         1317    .ARM.Collect$$libinit$$0000000E  c_w.l(libinit2.o)
    0x0800023e   0x0800023e   0x00000000   Code   RO         1319    .ARM.Collect$$libinit$$00000010  c_w.l(libinit2.o)
    0x0800023e   0x0800023e   0x00000000   Code   RO         1322    .ARM.Collect$$libinit$$00000013  c_w.l(libinit2.o)
    0x0800023e   0x0800023e   0x00000000   Code   RO         1324    .ARM.Collect$$libinit$$00000015  c_w.l(libinit2.o)
    0x0800023e   0x0800023e   0x00000000   Code   RO         1326    .ARM.Collect$$libinit$$00000017  c_w.l(libinit2.o)
    0x0800023e   0x0800023e   0x00000000   Code   RO         1328    .ARM.Collect$$libinit$$00000019  c_w.l(libinit2.o)
    0x0800023e   0x0800023e   0x00000000   Code   RO         1330    .ARM.Collect$$libinit$$0000001B  c_w.l(libinit2.o)
    0x0800023e   0x0800023e   0x00000000   Code   RO         1332    .ARM.Collect$$libinit$$0000001D  c_w.l(libinit2.o)
    0x0800023e   0x0800023e   0x00000000   Code   RO         1334    .ARM.Collect$$libinit$$0000001F  c_w.l(libinit2.o)
    0x0800023e   0x0800023e   0x00000000   Code   RO         1336    .ARM.Collect$$libinit$$00000021  c_w.l(libinit2.o)
    0x0800023e   0x0800023e   0x00000000   Code   RO         1338    .ARM.Collect$$libinit$$00000023  c_w.l(libinit2.o)
    0x0800023e   0x0800023e   0x00000000   Code   RO         1340    .ARM.Collect$$libinit$$00000025  c_w.l(libinit2.o)
    0x0800023e   0x0800023e   0x00000000   Code   RO         1342    .ARM.Collect$$libinit$$00000027  c_w.l(libinit2.o)
    0x0800023e   0x0800023e   0x00000000   Code   RO         1346    .ARM.Collect$$libinit$$0000002E  c_w.l(libinit2.o)
    0x0800023e   0x0800023e   0x00000000   Code   RO         1348    .ARM.Collect$$libinit$$00000030  c_w.l(libinit2.o)
    0x0800023e   0x0800023e   0x00000000   Code   RO         1350    .ARM.Collect$$libinit$$00000032  c_w.l(libinit2.o)
    0x0800023e   0x0800023e   0x00000000   Code   RO         1352    .ARM.Collect$$libinit$$00000034  c_w.l(libinit2.o)
    0x0800023e   0x0800023e   0x00000002   Code   RO         1353    .ARM.Collect$$libinit$$00000035  c_w.l(libinit2.o)
    0x08000240   0x08000240   0x00000002   Code   RO         1388    .ARM.Collect$$libshutdown$$00000000  c_w.l(libshutdown.o)
    0x08000242   0x08000242   0x00000000   Code   RO         1416    .ARM.Collect$$libshutdown$$00000002  c_w.l(libshutdown2.o)
    0x08000242   0x08000242   0x00000000   Code   RO         1418    .ARM.Collect$$libshutdown$$00000004  c_w.l(libshutdown2.o)
    0x08000242   0x08000242   0x00000000   Code   RO         1421    .ARM.Collect$$libshutdown$$00000007  c_w.l(libshutdown2.o)
    0x08000242   0x08000242   0x00000000   Code   RO         1424    .ARM.Collect$$libshutdown$$0000000A  c_w.l(libshutdown2.o)
    0x08000242   0x08000242   0x00000000   Code   RO         1426    .ARM.Collect$$libshutdown$$0000000C  c_w.l(libshutdown2.o)
    0x08000242   0x08000242   0x00000000   Code   RO         1429    .ARM.Collect$$libshutdown$$0000000F  c_w.l(libshutdown2.o)
    0x08000242   0x08000242   0x00000002   Code   RO         1430    .ARM.Collect$$libshutdown$$00000010  c_w.l(libshutdown2.o)
    0x08000244   0x08000244   0x00000000   Code   RO         1185    .ARM.Collect$$rtentry$$00000000  c_w.l(__rtentry.o)
    0x08000244   0x08000244   0x00000000   Code   RO         1257    .ARM.Collect$$rtentry$$00000002  c_w.l(__rtentry2.o)
    0x08000244   0x08000244   0x00000006   Code   RO         1269    .ARM.Collect$$rtentry$$00000004  c_w.l(__rtentry4.o)
    0x0800024a   0x0800024a   0x00000000   Code   RO         1259    .ARM.Collect$$rtentry$$00000009  c_w.l(__rtentry2.o)
    0x0800024a   0x0800024a   0x00000004   Code   RO         1260    .ARM.Collect$$rtentry$$0000000A  c_w.l(__rtentry2.o)
    0x0800024e   0x0800024e   0x00000000   Code   RO         1262    .ARM.Collect$$rtentry$$0000000C  c_w.l(__rtentry2.o)
    0x0800024e   0x0800024e   0x00000008   Code   RO         1263    .ARM.Collect$$rtentry$$0000000D  c_w.l(__rtentry2.o)
    0x08000256   0x08000256   0x00000002   Code   RO         1299    .ARM.Collect$$rtexit$$00000000  c_w.l(rtexit.o)
    0x08000258   0x08000258   0x00000000   Code   RO         1359    .ARM.Collect$$rtexit$$00000002  c_w.l(rtexit2.o)
    0x08000258   0x08000258   0x00000004   Code   RO         1360    .ARM.Collect$$rtexit$$00000003  c_w.l(rtexit2.o)
    0x0800025c   0x0800025c   0x00000006   Code   RO         1361    .ARM.Collect$$rtexit$$00000004  c_w.l(rtexit2.o)
    0x08000262   0x08000262   0x00000002   PAD
    0x08000264   0x08000264   0x00000040   Code   RO            4    .text               startup_stm32f446xx.o
    0x080002a4   0x080002a4   0x000000f0   Code   RO         1138    .text               c_w.l(lludivv7m.o)
    0x08000394   0x08000394   0x0000004e   Code   RO         1142    .text               c_w.l(rt_memclr_w.o)
    0x080003e2   0x080003e2   0x00000006   Code   RO         1144    .text               c_w.l(heapauxi.o)
    0x080003e8   0x080003e8   0x00000016   Code   RO         1190    .text               c_w.l(_rserrno.o)
    0x080003fe   0x080003fe   0x00000002   PAD
    0x08000400   0x08000400   0x00000008   Code   RO         1276    .text               c_w.l(rt_errno_addr_intlibspace.o)
    0x08000408   0x08000408   0x00000008   Code   RO         1282    .text               c_w.l(libspace.o)
    0x08000410   0x08000410   0x0000004a   Code   RO         1285    .text               c_w.l(sys_stackheap_outer.o)
    0x0800045a   0x0800045a   0x00000012   Code   RO         1287    .text               c_w.l(exit.o)
    0x0800046c   0x0800046c   0x0000000c   Code   RO         1354    .text               c_w.l(sys_exit.o)
    0x08000478   0x08000478   0x00000002   Code   RO         1377    .text               c_w.l(use_no_semi.o)
    0x0800047a   0x0800047a   0x00000000   Code   RO         1379    .text               c_w.l(indicate_semi.o)
    0x0800047a   0x0800047a   0x00000002   PAD
    0x0800047c   0x0800047c   0x00000002   Code   RO           55    .text.BusFault_Handler  stm32f4xx_it.o
    0x0800047e   0x0800047e   0x00000002   PAD
    0x08000480   0x08000480   0x00000002   Code   RO           61    .text.DebugMon_Handler  stm32f4xx_it.o
    0x08000482   0x08000482   0x00000002   PAD
    0x08000484   0x08000484   0x0000000a   Code   RO           23    .text.Error_Handler  main.o
    0x0800048e   0x0800048e   0x00000002   PAD
    0x08000490   0x08000490   0x00000028   Code   RO          768    .text.HAL_Delay     stm32f4xx_hal.o
    0x080004b8   0x080004b8   0x000001a6   Code   RO          563    .text.HAL_GPIO_Init  stm32f4xx_hal_gpio.o
    0x0800065e   0x0800065e   0x00000002   PAD
    0x08000660   0x08000660   0x0000000a   Code   RO          567    .text.HAL_GPIO_ReadPin  stm32f4xx_hal_gpio.o
    0x0800066a   0x0800066a   0x00000002   PAD
    0x0800066c   0x0800066c   0x0000000a   Code   RO          569    .text.HAL_GPIO_WritePin  stm32f4xx_hal_gpio.o
    0x08000676   0x08000676   0x00000002   PAD
    0x08000678   0x08000678   0x0000000c   Code   RO          760    .text.HAL_GetTick   stm32f4xx_hal.o
    0x08000684   0x08000684   0x0000001a   Code   RO          758    .text.HAL_IncTick   stm32f4xx_hal.o
    0x0800069e   0x0800069e   0x00000002   PAD
    0x080006a0   0x080006a0   0x00000036   Code   RO          748    .text.HAL_Init      stm32f4xx_hal.o
    0x080006d6   0x080006d6   0x00000002   PAD
    0x080006d8   0x080006d8   0x00000048   Code   RO          750    .text.HAL_InitTick  stm32f4xx_hal.o
    0x08000720   0x08000720   0x00000038   Code   RO           76    .text.HAL_MspInit   stm32f4xx_hal_msp.o
    0x08000758   0x08000758   0x00000026   Code   RO          706    .text.HAL_NVIC_EnableIRQ  stm32f4xx_hal_cortex.o
    0x0800077e   0x0800077e   0x00000002   PAD
    0x08000780   0x08000780   0x00000056   Code   RO          704    .text.HAL_NVIC_SetPriority  stm32f4xx_hal_cortex.o
    0x080007d6   0x080007d6   0x00000002   PAD
    0x080007d8   0x080007d8   0x00000020   Code   RO          702    .text.HAL_NVIC_SetPriorityGrouping  stm32f4xx_hal_cortex.o
    0x080007f8   0x080007f8   0x00000026   Code   RO         1002    .text.HAL_PCDEx_ActivateLPM  stm32f4xx_hal_pcd_ex.o
    0x0800081e   0x0800081e   0x00000002   PAD
    0x08000820   0x08000820   0x00000146   Code   RO          920    .text.HAL_PCD_Init  stm32f4xx_hal_pcd.o
    0x08000966   0x08000966   0x00000002   PAD
    0x08000968   0x08000968   0x000000ac   Code   RO           88    .text.HAL_PCD_MspInit  stm32f4xx_hal_msp.o
    0x08000a14   0x08000a14   0x0000042e   Code   RO          455    .text.HAL_RCCEx_PeriphCLKConfig  stm32f4xx_hal_rcc_ex.o
    0x08000e42   0x08000e42   0x00000002   PAD
    0x08000e44   0x08000e44   0x00000160   Code   RO          423    .text.HAL_RCC_ClockConfig  stm32f4xx_hal_rcc.o
    0x08000fa4   0x08000fa4   0x00000026   Code   RO          435    .text.HAL_RCC_GetPCLK1Freq  stm32f4xx_hal_rcc.o
    0x08000fca   0x08000fca   0x00000002   PAD
    0x08000fcc   0x08000fcc   0x00000026   Code   RO          437    .text.HAL_RCC_GetPCLK2Freq  stm32f4xx_hal_rcc.o
    0x08000ff2   0x08000ff2   0x00000002   PAD
    0x08000ff4   0x08000ff4   0x000000a6   Code   RO          471    .text.HAL_RCC_GetSysClockFreq  stm32f4xx_hal_rcc_ex.o
    0x0800109a   0x0800109a   0x00000002   PAD
    0x0800109c   0x0800109c   0x000003a6   Code   RO          475    .text.HAL_RCC_OscConfig  stm32f4xx_hal_rcc_ex.o
    0x08001442   0x08001442   0x00000002   PAD
    0x08001444   0x08001444   0x0000002c   Code   RO          714    .text.HAL_SYSTICK_Config  stm32f4xx_hal_cortex.o
    0x08001470   0x08001470   0x00000002   Code   RO          405    .text.HAL_TIMEx_BreakCallback  stm32f4xx_hal_tim_ex.o
    0x08001472   0x08001472   0x00000002   PAD
    0x08001474   0x08001474   0x00000002   Code   RO          401    .text.HAL_TIMEx_CommutCallback  stm32f4xx_hal_tim_ex.o
    0x08001476   0x08001476   0x00000002   PAD
    0x08001478   0x08001478   0x000000b6   Code   RO          395    .text.HAL_TIMEx_MasterConfigSynchronization  stm32f4xx_hal_tim_ex.o
    0x0800152e   0x0800152e   0x00000002   PAD
    0x08001530   0x08001530   0x0000005a   Code   RO          100    .text.HAL_TIM_Base_Init  stm32f4xx_hal_tim.o
    0x0800158a   0x0800158a   0x00000002   PAD
    0x0800158c   0x0800158c   0x0000006e   Code   RO           78    .text.HAL_TIM_Base_MspInit  stm32f4xx_hal_msp.o
    0x080015fa   0x080015fa   0x00000002   PAD
    0x080015fc   0x080015fc   0x000000a2   Code   RO          110    .text.HAL_TIM_Base_Start  stm32f4xx_hal_tim.o
    0x0800169e   0x0800169e   0x00000002   PAD
    0x080016a0   0x080016a0   0x0000019c   Code   RO          280    .text.HAL_TIM_ConfigClockSource  stm32f4xx_hal_tim.o
    0x0800183c   0x0800183c   0x00000002   Code   RO          236    .text.HAL_TIM_IC_CaptureCallback  stm32f4xx_hal_tim.o
    0x0800183e   0x0800183e   0x00000002   PAD
    0x08001840   0x08001840   0x00000170   Code   RO          234    .text.HAL_TIM_IRQHandler  stm32f4xx_hal_tim.o
    0x080019b0   0x080019b0   0x0000004c   Code   RO           80    .text.HAL_TIM_MspPostInit  stm32f4xx_hal_msp.o
    0x080019fc   0x080019fc   0x00000002   Code   RO          238    .text.HAL_TIM_OC_DelayElapsedCallback  stm32f4xx_hal_tim.o
    0x080019fe   0x080019fe   0x00000002   PAD
    0x08001a00   0x08001a00   0x00000222   Code   RO          254    .text.HAL_TIM_PWM_ConfigChannel  stm32f4xx_hal_tim.o
    0x08001c22   0x08001c22   0x00000002   PAD
    0x08001c24   0x08001c24   0x0000005a   Code   RO          154    .text.HAL_TIM_PWM_Init  stm32f4xx_hal_tim.o
    0x08001c7e   0x08001c7e   0x00000002   PAD
    0x08001c80   0x08001c80   0x00000002   Code   RO          156    .text.HAL_TIM_PWM_MspInit  stm32f4xx_hal_tim.o
    0x08001c82   0x08001c82   0x00000002   PAD
    0x08001c84   0x08001c84   0x00000002   Code   RO          240    .text.HAL_TIM_PWM_PulseFinishedCallback  stm32f4xx_hal_tim.o
    0x08001c86   0x08001c86   0x00000002   PAD
    0x08001c88   0x08001c88   0x00000112   Code   RO          162    .text.HAL_TIM_PWM_Start  stm32f4xx_hal_tim.o
    0x08001d9a   0x08001d9a   0x00000002   PAD
    0x08001d9c   0x08001d9c   0x00000002   Code   RO          242    .text.HAL_TIM_PeriodElapsedCallback  stm32f4xx_hal_tim.o
    0x08001d9e   0x08001d9e   0x00000002   PAD
    0x08001da0   0x08001da0   0x00000002   Code   RO          244    .text.HAL_TIM_TriggerCallback  stm32f4xx_hal_tim.o
    0x08001da2   0x08001da2   0x00000002   PAD
    0x08001da4   0x08001da4   0x000000fa   Code   RO          838    .text.HAL_USART_Init  stm32f4xx_hal_usart.o
    0x08001e9e   0x08001e9e   0x00000002   PAD
    0x08001ea0   0x08001ea0   0x000000a6   Code   RO           84    .text.HAL_USART_MspInit  stm32f4xx_hal_msp.o
    0x08001f46   0x08001f46   0x00000002   PAD
    0x08001f48   0x08001f48   0x000001a6   Code   RO          846    .text.HAL_USART_Transmit  stm32f4xx_hal_usart.o
    0x080020ee   0x080020ee   0x00000002   PAD
    0x080020f0   0x080020f0   0x00000002   Code   RO           51    .text.HardFault_Handler  stm32f4xx_it.o
    0x080020f2   0x080020f2   0x00000002   PAD
    0x080020f4   0x080020f4   0x00000002   Code   RO           53    .text.MemManage_Handler  stm32f4xx_it.o
    0x080020f6   0x080020f6   0x00000002   PAD
    0x080020f8   0x080020f8   0x00000002   Code   RO           49    .text.NMI_Handler   stm32f4xx_it.o
    0x080020fa   0x080020fa   0x00000002   PAD
    0x080020fc   0x080020fc   0x00000002   Code   RO           63    .text.PendSV_Handler  stm32f4xx_it.o
    0x080020fe   0x080020fe   0x00000002   PAD
    0x08002100   0x08002100   0x00000002   Code   RO           59    .text.SVC_Handler   stm32f4xx_it.o
    0x08002102   0x08002102   0x00000002   PAD
    0x08002104   0x08002104   0x00000004   Code   RO           65    .text.SysTick_Handler  stm32f4xx_it.o
    0x08002108   0x08002108   0x000000b4   Code   RO           13    .text.SystemClock_Config  main.o
    0x080021bc   0x080021bc   0x00000012   Code   RO         1122    .text.SystemInit    system_stm32f4xx.o
    0x080021ce   0x080021ce   0x00000002   PAD
    0x080021d0   0x080021d0   0x0000000c   Code   RO           67    .text.TIM2_IRQHandler  stm32f4xx_it.o
    0x080021dc   0x080021dc   0x0000013c   Code   RO          104    .text.TIM_Base_SetConfig  stm32f4xx_hal_tim.o
    0x08002318   0x08002318   0x000001de   Code   RO         1018    .text.USB_CoreInit  stm32f4xx_ll_usb.o
    0x080024f6   0x080024f6   0x00000002   PAD
    0x080024f8   0x080024f8   0x0000001e   Code   RO         1068    .text.USB_DevDisconnect  stm32f4xx_ll_usb.o
    0x08002516   0x08002516   0x00000002   PAD
    0x08002518   0x08002518   0x0000048a   Code   RO         1030    .text.USB_DevInit   stm32f4xx_ll_usb.o
    0x080029a2   0x080029a2   0x00000002   PAD
    0x080029a4   0x080029a4   0x0000000e   Code   RO         1024    .text.USB_DisableGlobalInt  stm32f4xx_ll_usb.o
    0x080029b2   0x080029b2   0x00000002   PAD
    0x080029b4   0x080029b4   0x00000064   Code   RO         1026    .text.USB_SetCurrentMode  stm32f4xx_ll_usb.o
    0x08002a18   0x08002a18   0x00000002   Code   RO           57    .text.UsageFault_Handler  stm32f4xx_it.o
    0x08002a1a   0x08002a1a   0x00000006   PAD
    0x08002a20   0x08002a20   0x00000594   Code   RO           11    .text.main          main.o
    0x08002fb4   0x08002fb4   0x00000030   Code   RO         1238    i.__ARM_fpclassify  m_wm.l(fpclassify.o)
    0x08002fe4   0x08002fe4   0x00000004   PAD
    0x08002fe8   0x08002fe8   0x00000360   Code   RO         1168    i.__hardfp_asin     m_wm.l(asin.o)
    0x08003348   0x08003348   0x000000e0   Code   RO         1175    i.__hardfp_round    m_wm.l(round.o)
    0x08003428   0x08003428   0x000000c8   Code   RO         1179    i.__hardfp_sin      m_wm.l(sin.o)
    0x080034f0   0x080034f0   0x00000438   Code   RO         1242    i.__ieee754_rem_pio2  m_wm.l(rred.o)
    0x08003928   0x08003928   0x00000170   Code   RO         1215    i.__kernel_cos      m_wm.l(cos_i.o)
    0x08003a98   0x08003a98   0x000000f8   Code   RO         1240    i.__kernel_poly     m_wm.l(poly.o)
    0x08003b90   0x08003b90   0x00000130   Code   RO         1247    i.__kernel_sin      m_wm.l(sin_i.o)
    0x08003cc0   0x08003cc0   0x00000014   Code   RO         1219    i.__mathlib_dbl_infnan  m_wm.l(dunder.o)
    0x08003cd4   0x08003cd4   0x00000004   PAD
    0x08003cd8   0x08003cd8   0x00000020   Code   RO         1221    i.__mathlib_dbl_invalid  m_wm.l(dunder.o)
    0x08003cf8   0x08003cf8   0x00000020   Code   RO         1224    i.__mathlib_dbl_underflow  m_wm.l(dunder.o)
    0x08003d18   0x08003d18   0x00000018   Code   RO         1234    i.fabs              m_wm.l(fabs.o)
    0x08003d30   0x08003d30   0x0000006e   Code   RO         1252    i.sqrt              m_wm.l(sqrt.o)
    0x08003d9e   0x08003d9e   0x00000018   Code   RO         1192    x$fpl$basic         fz_wm.l(basic.o)
    0x08003db6   0x08003db6   0x00000002   PAD
    0x08003db8   0x08003db8   0x00000062   Code   RO         1148    x$fpl$d2f           fz_wm.l(d2f.o)
    0x08003e1a   0x08003e1a   0x00000002   PAD
    0x08003e1c   0x08003e1c   0x00000150   Code   RO         1194    x$fpl$dadd          fz_wm.l(daddsub_clz.o)
    0x08003f6c   0x08003f6c   0x00000018   Code   RO         1278    x$fpl$dcmpinf       fz_wm.l(dcmpi.o)
    0x08003f84   0x08003f84   0x000002b4   Code   RO         1151    x$fpl$ddiv          fz_wm.l(ddiv.o)
    0x08004238   0x08004238   0x0000005e   Code   RO         1154    x$fpl$dfix          fz_wm.l(dfix.o)
    0x08004296   0x08004296   0x0000002e   Code   RO         1159    x$fpl$dflt          fz_wm.l(dflt_clz.o)
    0x080042c4   0x080042c4   0x00000026   Code   RO         1158    x$fpl$dfltu         fz_wm.l(dflt_clz.o)
    0x080042ea   0x080042ea   0x00000002   PAD
    0x080042ec   0x080042ec   0x00000078   Code   RO         1200    x$fpl$dleqf         fz_wm.l(dleqf.o)
    0x08004364   0x08004364   0x00000154   Code   RO         1164    x$fpl$dmul          fz_wm.l(dmul.o)
    0x080044b8   0x080044b8   0x0000009c   Code   RO         1202    x$fpl$dnaninf       fz_wm.l(dnaninf.o)
    0x08004554   0x08004554   0x0000000c   Code   RO         1204    x$fpl$dretinf       fz_wm.l(dretinf.o)
    0x08004560   0x08004560   0x0000006c   Code   RO         1206    x$fpl$drleqf        fz_wm.l(drleqf.o)
    0x080045cc   0x080045cc   0x000000b4   Code   RO         1208    x$fpl$drnd          fz_wm.l(drnd.o)
    0x08004680   0x08004680   0x00000016   Code   RO         1195    x$fpl$drsb          fz_wm.l(daddsub_clz.o)
    0x08004696   0x08004696   0x00000002   PAD
    0x08004698   0x08004698   0x00000198   Code   RO         1280    x$fpl$dsqrt         fz_wm.l(dsqrt_umaal.o)
    0x08004830   0x08004830   0x000001dc   Code   RO         1196    x$fpl$dsub          fz_wm.l(daddsub_clz.o)
    0x08004a0c   0x08004a0c   0x00000056   Code   RO         1166    x$fpl$f2d           fz_wm.l(f2d.o)
    0x08004a62   0x08004a62   0x0000008c   Code   RO         1210    x$fpl$fnaninf       fz_wm.l(fnaninf.o)
    0x08004aee   0x08004aee   0x0000001a   Code   RO         1371    x$fpl$fpinit        fz_wm.l(fpinit.o)
    0x08004b08   0x08004b08   0x0000000a   Code   RO         1212    x$fpl$fretinf       fz_wm.l(fretinf.o)
    0x08004b12   0x08004b12   0x00000000   Code   RO         1214    x$fpl$usenofp       fz_wm.l(usenofp.o)
    0x08004b12   0x08004b12   0x00000006   PAD
    0x08004b18   0x08004b18   0x00000050   Data   RO         1171    .constdata          m_wm.l(asin.o)
    0x08004b68   0x08004b68   0x00000030   Data   RO         1216    .constdata          m_wm.l(cos_i.o)
    0x08004b98   0x08004b98   0x000000cc   Data   RO         1244    .constdata          m_wm.l(rred.o)
    0x08004c64   0x08004c64   0x00000004   PAD
    0x08004c68   0x08004c68   0x00000028   Data   RO         1248    .constdata          m_wm.l(sin_i.o)
    0x08004c90   0x08004c90   0x00000010   Data   RO         1127    .rodata.AHBPrescTable  system_stm32f4xx.o
    0x08004ca0   0x08004ca0   0x00000008   Data   RO         1128    .rodata.APBPrescTable  system_stm32f4xx.o
    0x08004ca8   0x08004ca8   0x00000020   Data   RO         1432    Region$$Table       anon$$obj.o


    Execution Region RW_IRAM1 (Exec base: 0x20000000, Load base: 0x08004cc8, Size: 0x00000c60, Max: 0x00020000, ABSOLUTE)

    Exec Addr    Load Addr    Size         Type   Attr      Idx    E Section Name        Object

    0x20000000   0x08004cc8   0x00000008   Data   RW          803    .data..L_MergedGlobals  stm32f4xx_hal.o
    0x20000008   0x08004cd0   0x00000004   Data   RW         1126    .data.SystemCoreClock  system_stm32f4xx.o
    0x2000000c   0x08004cd4   0x00000004   PAD
    0x20000010        -       0x00000060   Zero   RW         1283    .bss                c_w.l(libspace.o)
    0x20000070        -       0x0000004c   Zero   RW           40    .bss..L_MergedGlobals  main.o
    0x200000bc        -       0x0000050c   Zero   RW           38    .bss.hpcd_USB_OTG_FS  main.o
    0x200005c8        -       0x00000048   Zero   RW           36    .bss.htim2          main.o
    0x20000610        -       0x00000048   Zero   RW           37    .bss.htim6          main.o
    0x20000658        -       0x00000004   Zero   RW          802    .bss.uwTick         stm32f4xx_hal.o
    0x2000065c   0x08004cd4   0x00000004   PAD
    0x20000660        -       0x00000200   Zero   RW            2    HEAP                startup_stm32f446xx.o
    0x20000860        -       0x00000400   Zero   RW            1    STACK               startup_stm32f446xx.o


==============================================================================

Image component sizes


      Code (inc. data)   RO Data    RW Data    ZI Data      Debug   Object Name

      1618        180          0          0       1512      15467   main.o
        64         26        452          0       1536        920   startup_stm32f446xx.o
       204          0          0          8          4       7559   stm32f4xx_hal.o
       200          0          0          0          0      10700   stm32f4xx_hal_cortex.o
       442          0          0          0          0       5446   stm32f4xx_hal_gpio.o
       580          0          0          0          0      12960   stm32f4xx_hal_msp.o
       326          0          0          0          0      17177   stm32f4xx_hal_pcd.o
        38          0          0          0          0       5267   stm32f4xx_hal_pcd_ex.o
       428          0          0          0          0       7613   stm32f4xx_hal_rcc.o
      2170          4          0          0          0      11177   stm32f4xx_hal_rcc_ex.o
      2270          4          0          0          0      55109   stm32f4xx_hal_tim.o
       186          0          0          0          0      21314   stm32f4xx_hal_tim_ex.o
       672          0          0          0          0      19408   stm32f4xx_hal_usart.o
        32          0          0          0          0       4529   stm32f4xx_it.o
      1784          0          0          0          0      32673   stm32f4xx_ll_usb.o
        18          0         24          4          0       2810   system_stm32f4xx.o

    ----------------------------------------------------------------------
     11128        214        508         12       3060     230129   Object Totals
         0          0         32          0          0          0   (incl. Generated)
        96          0          0          0          8          0   (incl. Padding)

    ----------------------------------------------------------------------

      Code (inc. data)   RO Data    RW Data    ZI Data      Debug   Library Member Name

         8          0          0          0          0         68   __main.o
         0          0          0          0          0          0   __rtentry.o
        12          0          0          0          0          0   __rtentry2.o
         6          0          0          0          0          0   __rtentry4.o
        52          8          0          0          0          0   __scatter.o
        26          0          0          0          0          0   __scatter_copy.o
        28          0          0          0          0          0   __scatter_zi.o
        22          0          0          0          0        100   _rserrno.o
        18          0          0          0          0         80   exit.o
         6          0          0          0          0        152   heapauxi.o
         0          0          0          0          0          0   indicate_semi.o
         2          0          0          0          0          0   libinit.o
         6          0          0          0          0          0   libinit2.o
         2          0          0          0          0          0   libshutdown.o
         2          0          0          0          0          0   libshutdown2.o
         8          4          0          0         96         68   libspace.o
       240          0          0          0          0        100   lludivv7m.o
         8          4          0          0          0         68   rt_errno_addr_intlibspace.o
        78          0          0          0          0         80   rt_memclr_w.o
         2          0          0          0          0          0   rtexit.o
        10          0          0          0          0          0   rtexit2.o
        12          4          0          0          0         68   sys_exit.o
        74          0          0          0          0         80   sys_stackheap_outer.o
         2          0          0          0          0         68   use_no_semi.o
        24          0          0          0          0        164   basic.o
        98          4          0          0          0        140   d2f.o
       834         16          0          0          0        516   daddsub_clz.o
        24          0          0          0          0        116   dcmpi.o
       692        140          0          0          0        264   ddiv.o
        94          4          0          0          0        140   dfix.o
        84          0          0          0          0        232   dflt_clz.o
       120          4          0          0          0        140   dleqf.o
       340         12          0          0          0        152   dmul.o
       156          4          0          0          0        140   dnaninf.o
        12          0          0          0          0        116   dretinf.o
       108          0          0          0          0        128   drleqf.o
       180          4          0          0          0        128   drnd.o
       408         56          0          0          0        168   dsqrt_umaal.o
        86          4          0          0          0        132   f2d.o
       140          4          0          0          0        132   fnaninf.o
        26          0          0          0          0        116   fpinit.o
        10          0          0          0          0        116   fretinf.o
         0          0          0          0          0          0   usenofp.o
       864         94         80          0          0        280   asin.o
       368         46         48          0          0        200   cos_i.o
        84         16          0          0          0        372   dunder.o
        24          0          0          0          0        124   fabs.o
        48          0          0          0          0        124   fpclassify.o
       248          0          0          0          0        152   poly.o
       224         30          0          0          0        172   round.o
      1080        142        204          0          0        188   rred.o
       200         20          0          0          0        164   sin.o
       304         24         40          0          0        208   sin_i.o
       110          0          0          0          0        148   sqrt.o

    ----------------------------------------------------------------------
      7644        644        376          0         96       6104   Library Totals
        30          0          4          0          0          0   (incl. Padding)

    ----------------------------------------------------------------------

      Code (inc. data)   RO Data    RW Data    ZI Data      Debug   Library Name

       624         20          0          0         96        932   c_w.l
      3436        252          0          0          0       3040   fz_wm.l
      3554        372        372          0          0       2132   m_wm.l

    ----------------------------------------------------------------------
      7644        644        376          0         96       6104   Library Totals

    ----------------------------------------------------------------------

==============================================================================


      Code (inc. data)   RO Data    RW Data    ZI Data      Debug   

     18772        858        884         12       3156     232389   Grand Totals
     18772        858        884         12       3156     232389   ELF Image Totals
     18772        858        884         12          0          0   ROM Totals

==============================================================================

    Total RO  Size (Code + RO Data)                19656 (  19.20kB)
    Total RW  Size (RW Data + ZI Data)              3168 (   3.09kB)
    Total ROM Size (Code + RO Data + RW Data)      19668 (  19.21kB)

==============================================================================

